Archive member included to satisfy reference by file (symbol)

/home/mdk/Ac6/SystemWorkbench/plugins/fr.ac6.mcu.externaltools.arm-none.linux64_1.15.0.201708311556/tools/compiler/bin/../lib/gcc/arm-none-eabi/6.3.1/thumb/v7-m/libgcc.a(_arm_addsubdf3.o)
                              src/main.o (__aeabi_dadd)
/home/mdk/Ac6/SystemWorkbench/plugins/fr.ac6.mcu.externaltools.arm-none.linux64_1.15.0.201708311556/tools/compiler/bin/../lib/gcc/arm-none-eabi/6.3.1/thumb/v7-m/libgcc.a(_arm_muldivdf3.o)
                              src/main.o (__aeabi_ddiv)
/home/mdk/Ac6/SystemWorkbench/plugins/fr.ac6.mcu.externaltools.arm-none.linux64_1.15.0.201708311556/tools/compiler/bin/../lib/gcc/arm-none-eabi/6.3.1/thumb/v7-m/libgcc.a(_arm_cmpdf2.o)
                              src/main.o (__aeabi_dcmplt)
/home/mdk/Ac6/SystemWorkbench/plugins/fr.ac6.mcu.externaltools.arm-none.linux64_1.15.0.201708311556/tools/compiler/bin/../lib/gcc/arm-none-eabi/6.3.1/thumb/v7-m/libgcc.a(_arm_fixdfsi.o)
                              src/main.o (__aeabi_d2iz)
/home/mdk/Ac6/SystemWorkbench/plugins/fr.ac6.mcu.externaltools.arm-none.linux64_1.15.0.201708311556/tools/compiler/bin/../lib/gcc/arm-none-eabi/6.3.1/../../../../arm-none-eabi/lib/thumb/v7-m/libc.a(lib_a-errno.o)
                              src/syscalls.o (__errno)
/home/mdk/Ac6/SystemWorkbench/plugins/fr.ac6.mcu.externaltools.arm-none.linux64_1.15.0.201708311556/tools/compiler/bin/../lib/gcc/arm-none-eabi/6.3.1/../../../../arm-none-eabi/lib/thumb/v7-m/libc.a(lib_a-exit.o)
                              /home/mdk/Ac6/SystemWorkbench/plugins/fr.ac6.mcu.externaltools.arm-none.linux64_1.15.0.201708311556/tools/compiler/bin/../lib/gcc/arm-none-eabi/6.3.1/../../../../arm-none-eabi/lib/thumb/v7-m/crt0.o (exit)
/home/mdk/Ac6/SystemWorkbench/plugins/fr.ac6.mcu.externaltools.arm-none.linux64_1.15.0.201708311556/tools/compiler/bin/../lib/gcc/arm-none-eabi/6.3.1/../../../../arm-none-eabi/lib/thumb/v7-m/libc.a(lib_a-impure.o)
                              /home/mdk/Ac6/SystemWorkbench/plugins/fr.ac6.mcu.externaltools.arm-none.linux64_1.15.0.201708311556/tools/compiler/bin/../lib/gcc/arm-none-eabi/6.3.1/../../../../arm-none-eabi/lib/thumb/v7-m/libc.a(lib_a-exit.o) (_global_impure_ptr)
/home/mdk/Ac6/SystemWorkbench/plugins/fr.ac6.mcu.externaltools.arm-none.linux64_1.15.0.201708311556/tools/compiler/bin/../lib/gcc/arm-none-eabi/6.3.1/../../../../arm-none-eabi/lib/thumb/v7-m/libc.a(lib_a-init.o)
                              /home/mdk/Ac6/SystemWorkbench/plugins/fr.ac6.mcu.externaltools.arm-none.linux64_1.15.0.201708311556/tools/compiler/bin/../lib/gcc/arm-none-eabi/6.3.1/../../../../arm-none-eabi/lib/thumb/v7-m/crt0.o (__libc_init_array)
/home/mdk/Ac6/SystemWorkbench/plugins/fr.ac6.mcu.externaltools.arm-none.linux64_1.15.0.201708311556/tools/compiler/bin/../lib/gcc/arm-none-eabi/6.3.1/../../../../arm-none-eabi/lib/thumb/v7-m/libc.a(lib_a-memset.o)
                              /home/mdk/Ac6/SystemWorkbench/plugins/fr.ac6.mcu.externaltools.arm-none.linux64_1.15.0.201708311556/tools/compiler/bin/../lib/gcc/arm-none-eabi/6.3.1/../../../../arm-none-eabi/lib/thumb/v7-m/crt0.o (memset)
/home/mdk/Ac6/SystemWorkbench/plugins/fr.ac6.mcu.externaltools.arm-none.linux64_1.15.0.201708311556/tools/compiler/bin/../lib/gcc/arm-none-eabi/6.3.1/../../../../arm-none-eabi/lib/thumb/v7-m/libc.a(lib_a-sprintf.o)
                              src/main.o (sprintf)
/home/mdk/Ac6/SystemWorkbench/plugins/fr.ac6.mcu.externaltools.arm-none.linux64_1.15.0.201708311556/tools/compiler/bin/../lib/gcc/arm-none-eabi/6.3.1/../../../../arm-none-eabi/lib/thumb/v7-m/libc.a(lib_a-strlen-stub.o)
                              src/main.o (strlen)
/home/mdk/Ac6/SystemWorkbench/plugins/fr.ac6.mcu.externaltools.arm-none.linux64_1.15.0.201708311556/tools/compiler/bin/../lib/gcc/arm-none-eabi/6.3.1/../../../../arm-none-eabi/lib/thumb/v7-m/libc.a(lib_a-svfprintf.o)
                              /home/mdk/Ac6/SystemWorkbench/plugins/fr.ac6.mcu.externaltools.arm-none.linux64_1.15.0.201708311556/tools/compiler/bin/../lib/gcc/arm-none-eabi/6.3.1/../../../../arm-none-eabi/lib/thumb/v7-m/libc.a(lib_a-sprintf.o) (_svfprintf_r)
/home/mdk/Ac6/SystemWorkbench/plugins/fr.ac6.mcu.externaltools.arm-none.linux64_1.15.0.201708311556/tools/compiler/bin/../lib/gcc/arm-none-eabi/6.3.1/../../../../arm-none-eabi/lib/thumb/v7-m/libc.a(lib_a-__call_atexit.o)
                              /home/mdk/Ac6/SystemWorkbench/plugins/fr.ac6.mcu.externaltools.arm-none.linux64_1.15.0.201708311556/tools/compiler/bin/../lib/gcc/arm-none-eabi/6.3.1/../../../../arm-none-eabi/lib/thumb/v7-m/libc.a(lib_a-exit.o) (__call_exitprocs)
/home/mdk/Ac6/SystemWorkbench/plugins/fr.ac6.mcu.externaltools.arm-none.linux64_1.15.0.201708311556/tools/compiler/bin/../lib/gcc/arm-none-eabi/6.3.1/../../../../arm-none-eabi/lib/thumb/v7-m/libc.a(lib_a-atexit.o)
[...]
Memory Configuration

Name             Origin             Length             Attributes
RAM              0x0000000020000000 0x0000000000005000 xrw
ROM              0x0000000008000000 0x0000000000010000 xr
*default*        0x0000000000000000 0xffffffffffffffff

Linker script and memory map

LOAD /home/mdk/Ac6/SystemWorkbench/plugins/fr.ac6.mcu.externaltools.arm-none.linux64_1.15.0.201708311556/tools/compiler/bin/../lib/gcc/arm-none-eabi/6.3.1/thumb/v7-m/crti.o
LOAD /home/mdk/Ac6/SystemWorkbench/plugins/fr.ac6.mcu.externaltools.arm-none.linux64_1.15.0.201708311556/tools/compiler/bin/../lib/gcc/arm-none-eabi/6.3.1/thumb/v7-m/crtbegin.o
LOAD /home/mdk/Ac6/SystemWorkbench/plugins/fr.ac6.mcu.externaltools.arm-none.linux64_1.15.0.201708311556/tools/compiler/bin/../lib/gcc/arm-none-eabi/6.3.1/../../../../arm-none-eabi/lib/thumb/v7-m/crt0.o
LOAD HAL_Driver/Src/stm32f1xx_hal.o
LOAD HAL_Driver/Src/stm32f1xx_hal_adc.o
LOAD HAL_Driver/Src/stm32f1xx_hal_adc_ex.o
LOAD HAL_Driver/Src/stm32f1xx_hal_can.o
LOAD HAL_Driver/Src/stm32f1xx_hal_cec.o
LOAD HAL_Driver/Src/stm32f1xx_hal_cortex.o
LOAD HAL_Driver/Src/stm32f1xx_hal_crc.o
LOAD HAL_Driver/Src/stm32f1xx_hal_dac.o
LOAD HAL_Driver/Src/stm32f1xx_hal_dac_ex.o
LOAD HAL_Driver/Src/stm32f1xx_hal_dma.o
LOAD HAL_Driver/Src/stm32f1xx_hal_eth.o
LOAD HAL_Driver/Src/stm32f1xx_hal_flash.o
LOAD HAL_Driver/Src/stm32f1xx_hal_flash_ex.o
LOAD HAL_Driver/Src/stm32f1xx_hal_gpio.o
LOAD HAL_Driver/Src/stm32f1xx_hal_gpio_ex.o
LOAD HAL_Driver/Src/stm32f1xx_hal_hcd.o
LOAD HAL_Driver/Src/stm32f1xx_hal_i2c.o
LOAD HAL_Driver/Src/stm32f1xx_hal_i2s.o
LOAD HAL_Driver/Src/stm32f1xx_hal_irda.o
LOAD HAL_Driver/Src/stm32f1xx_hal_iwdg.o
LOAD HAL_Driver/Src/stm32f1xx_hal_mmc.o
LOAD HAL_Driver/Src/stm32f1xx_hal_msp_template.o
LOAD HAL_Driver/Src/stm32f1xx_hal_nand.o
LOAD HAL_Driver/Src/stm32f1xx_hal_nor.o
LOAD HAL_Driver/Src/stm32f1xx_hal_pccard.o
LOAD HAL_Driver/Src/stm32f1xx_hal_pcd.o
LOAD HAL_Driver/Src/stm32f1xx_hal_pcd_ex.o
LOAD HAL_Driver/Src/stm32f1xx_hal_pwr.o
LOAD HAL_Driver/Src/stm32f1xx_hal_rcc.o
LOAD HAL_Driver/Src/stm32f1xx_hal_rcc_ex.o
LOAD HAL_Driver/Src/stm32f1xx_hal_rtc.o
LOAD HAL_Driver/Src/stm32f1xx_hal_rtc_ex.o
LOAD HAL_Driver/Src/stm32f1xx_hal_sd.o
LOAD HAL_Driver/Src/stm32f1xx_hal_smartcard.o
LOAD HAL_Driver/Src/stm32f1xx_hal_spi.o
LOAD HAL_Driver/Src/stm32f1xx_hal_spi_ex.o
LOAD HAL_Driver/Src/stm32f1xx_hal_sram.o
LOAD HAL_Driver/Src/stm32f1xx_hal_tim.o
LOAD HAL_Driver/Src/stm32f1xx_hal_tim_ex.o
LOAD HAL_Driver/Src/stm32f1xx_hal_uart.o
LOAD HAL_Driver/Src/stm32f1xx_hal_usart.o
LOAD HAL_Driver/Src/stm32f1xx_hal_wwdg.o
LOAD HAL_Driver/Src/stm32f1xx_ll_adc.o
LOAD HAL_Driver/Src/stm32f1xx_ll_crc.o
LOAD HAL_Driver/Src/stm32f1xx_ll_dac.o
LOAD HAL_Driver/Src/stm32f1xx_ll_dma.o
LOAD HAL_Driver/Src/stm32f1xx_ll_exti.o
LOAD HAL_Driver/Src/stm32f1xx_ll_fsmc.o
LOAD HAL_Driver/Src/stm32f1xx_ll_gpio.o
LOAD HAL_Driver/Src/stm32f1xx_ll_i2c.o
LOAD HAL_Driver/Src/stm32f1xx_ll_pwr.o
LOAD HAL_Driver/Src/stm32f1xx_ll_rcc.o
LOAD HAL_Driver/Src/stm32f1xx_ll_rtc.o
LOAD HAL_Driver/Src/stm32f1xx_ll_sdmmc.o
LOAD HAL_Driver/Src/stm32f1xx_ll_spi.o
LOAD HAL_Driver/Src/stm32f1xx_ll_tim.o
LOAD HAL_Driver/Src/stm32f1xx_ll_usart.o
LOAD HAL_Driver/Src/stm32f1xx_ll_usb.o
LOAD HAL_Driver/Src/stm32f1xx_ll_utils.o
LOAD src/main.o
LOAD src/stm32f1xx_it.o
LOAD src/syscalls.o
LOAD src/system_stm32f1xx.o
LOAD startup/startup_stm32.o
LOAD /home/mdk/Ac6/SystemWorkbench/plugins/fr.ac6.mcu.externaltools.arm-none.linux64_1.15.0.201708311556/tools/compiler/bin/../lib/gcc/arm-none-eabi/6.3.1/../../../../arm-none-eabi/lib/thumb/v7-m/libstdc++.a
LOAD /home/mdk/Ac6/SystemWorkbench/plugins/fr.ac6.mcu.externaltools.arm-none.linux64_1.15.0.201708311556/tools/compiler/bin/../lib/gcc/arm-none-eabi/6.3.1/../../../../arm-none-eabi/lib/thumb/v7-m/libm.a
START GROUP
LOAD /home/mdk/Ac6/SystemWorkbench/plugins/fr.ac6.mcu.externaltools.arm-none.linux64_1.15.0.201708311556/tools/compiler/bin/../lib/gcc/arm-none-eabi/6.3.1/thumb/v7-m/libgcc.a
LOAD /home/mdk/Ac6/SystemWorkbench/plugins/fr.ac6.mcu.externaltools.arm-none.linux64_1.15.0.201708311556/tools/compiler/bin/../lib/gcc/arm-none-eabi/6.3.1/../../../../arm-none-eabi/lib/thumb/v7-m/libc.a
END GROUP
LOAD /home/mdk/Ac6/SystemWorkbench/plugins/fr.ac6.mcu.externaltools.arm-none.linux64_1.15.0.201708311556/tools/compiler/bin/../lib/gcc/arm-none-eabi/6.3.1/thumb/v7-m/crtend.o
LOAD /home/mdk/Ac6/SystemWorkbench/plugins/fr.ac6.mcu.externaltools.arm-none.linux64_1.15.0.201708311556/tools/compiler/bin/../lib/gcc/arm-none-eabi/6.3.1/thumb/v7-m/crtn.o
                0x0000000020005000                _estack = 0x20005000
                0x0000000000000000                _Min_Heap_Size = 0x0
                0x0000000000000400                _Min_Stack_Size = 0x400

.isr_vector     0x0000000008000000      0x10c
                0x0000000008000000                . = ALIGN (0x4)
 *(.isr_vector)
 .isr_vector    0x0000000008000000      0x10c startup/startup_stm32.o
                0x0000000008000000                g_pfnVectors
                0x000000000800010c                . = ALIGN (0x4)

.text           0x0000000008000110     0x5ab4
                0x0000000008000110                . = ALIGN (0x4)
 *(.text)
 .text          0x0000000008000110       0x6c /home/mdk/Ac6/SystemWorkbench/plugins/fr.ac6.mcu.externaltools.arm-none.linux64_1.15.0.201708311556/tools/compiler/bin/../lib/gcc/arm-none-eabi/6.3.1/thumb/v7-m/crtbegin.o
 .text          0x000000000800017c      0x370 /home/mdk/Ac6/SystemWorkbench/plugins/fr.ac6.mcu.externaltools.arm-none.linux64_1.15.0.201708311556/tools/compiler/bin/../lib/gcc/arm-none-eabi/6.3.1/thumb/v7-m/libgcc.a(_arm_addsubdf3.o)
                0x000000000800017c                __aeabi_drsub
                0x0000000008000184                __aeabi_dsub
                0x0000000008000184                __subdf3
                0x0000000008000188                __adddf3
                0x0000000008000188                __aeabi_dadd
                0x0000000008000400                __aeabi_ui2d
                0x0000000008000400                __floatunsidf
                0x0000000008000420                __floatsidf
                0x0000000008000420                __aeabi_i2d
                0x0000000008000444                __extendsfdf2
                0x0000000008000444                __aeabi_f2d
                0x0000000008000480                __aeabi_ul2d
                0x0000000008000480                __floatundidf
                0x0000000008000490                __floatdidf
                0x0000000008000490                __aeabi_l2d
 .text          0x00000000080004ec      0x424 /home/mdk/Ac6/SystemWorkbench/plugins/fr.ac6.mcu.externaltools.arm-none.linux64_1.15.0.201708311556/tools/compiler/bin/../lib/gcc/arm-none-eabi/6.3.1/thumb/v7-m/libgcc.a(_arm_muldivdf3.o)
                0x00000000080004ec                __aeabi_dmul
                0x00000000080004ec                __muldf3
                0x0000000008000740                __aeabi_ddiv
                0x0000000008000740                __divdf3
 .text          0x0000000008000910      0x110 /home/mdk/Ac6/SystemWorkbench/plugins/fr.ac6.mcu.externaltools.arm-none.linux64_1.15.0.201708311556/tools/compiler/bin/../lib/gcc/arm-none-eabi/6.3.1/thumb/v7-m/libgcc.a(_arm_cmpdf2.o)
                0x0000000008000910                __gtdf2
                0x0000000008000910                __gedf2
                0x0000000008000918                __ltdf2
                0x0000000008000918                __ledf2
                0x0000000008000920                __cmpdf2
                0x0000000008000920                __eqdf2
                0x0000000008000920                __nedf2
                0x000000000800099c                __aeabi_cdrcmple
                0x00000000080009ac                __aeabi_cdcmple
                0x00000000080009ac                __aeabi_cdcmpeq
                0x00000000080009bc                __aeabi_dcmpeq
                0x00000000080009d0                __aeabi_dcmplt
                0x00000000080009e4                __aeabi_dcmple
                0x00000000080009f8                __aeabi_dcmpge
                0x0000000008000a0c                __aeabi_dcmpgt
 .text          0x0000000008000a20       0x50 /home/mdk/Ac6/SystemWorkbench/plugins/fr.ac6.mcu.externaltools.arm-none.linux64_1.15.0.201708311556/tools/compiler/bin/../lib/gcc/arm-none-eabi/6.3.1/thumb/v7-m/libgcc.a(_arm_fixdfsi.o)
                0x0000000008000a20                __fixdfsi
                0x0000000008000a20                __aeabi_d2iz
 .text          0x0000000008000a70       0xec /home/mdk/Ac6/SystemWorkbench/plugins/fr.ac6.mcu.externaltools.arm-none.linux64_1.15.0.201708311556/tools/compiler/bin/../lib/gcc/arm-none-eabi/6.3.1/../../../../arm-none-eabi/lib/thumb/v7-m/libc.a(lib_a-memcpy.o)
                0x0000000008000a70                memcpy
 .text          0x0000000008000b5c       0x2c /home/mdk/Ac6/SystemWorkbench/plugins/fr.ac6.mcu.externaltools.arm-none.linux64_1.15.0.201708311556/tools/compiler/bin/../lib/gcc/arm-none-eabi/6.3.1/thumb/v7-m/libgcc.a(_arm_unorddf2.o)
                0x0000000008000b5c                __aeabi_dcmpun
                0x0000000008000b5c                __unorddf2
 .text          0x0000000008000b88       0x30 /home/mdk/Ac6/SystemWorkbench/plugins/fr.ac6.mcu.externaltools.arm-none.linux64_1.15.0.201708311556/tools/compiler/bin/../lib/gcc/arm-none-eabi/6.3.1/thumb/v7-m/libgcc.a(_aeabi_uldivmod.o)
                0x0000000008000b88                __aeabi_uldivmod
 .text          0x0000000008000bb8      0x2dc /home/mdk/Ac6/SystemWorkbench/plugins/fr.ac6.mcu.externaltools.arm-none.linux64_1.15.0.201708311556/tools/compiler/bin/../lib/gcc/arm-none-eabi/6.3.1/thumb/v7-m/libgcc.a(_udivmoddi4.o)
                0x0000000008000bb8                __udivmoddi4
 .text          0x0000000008000e94        0x4 /home/mdk/Ac6/SystemWorkbench/plugins/fr.ac6.mcu.externaltools.arm-none.linux64_1.15.0.201708311556/tools/compiler/bin/../lib/gcc/arm-none-eabi/6.3.1/thumb/v7-m/libgcc.a(_dvmd_tls.o)
                0x0000000008000e94                __aeabi_ldiv0
                0x0000000008000e94                __aeabi_idiv0
 *(.text*)
 .text.HAL_Init
                0x0000000008000e98       0x2c HAL_Driver/Src/stm32f1xx_hal.o
                0x0000000008000e98                HAL_Init
 .text.HAL_InitTick
                0x0000000008000ec4       0x38 HAL_Driver/Src/stm32f1xx_hal.o
                0x0000000008000ec4                HAL_InitTick
 .text.HAL_IncTick
                0x0000000008000efc       0x1c HAL_Driver/Src/stm32f1xx_hal.o
                0x0000000008000efc                HAL_IncTick
 .text.HAL_GetTick
                0x0000000008000f18       0x14 HAL_Driver/Src/stm32f1xx_hal.o
                0x0000000008000f18                HAL_GetTick
 .text.NVIC_SetPriorityGrouping
                0x0000000008000f2c       0x48 HAL_Driver/Src/stm32f1xx_hal_cortex.o
 .text.NVIC_GetPriorityGrouping
                0x0000000008000f74       0x1c HAL_Driver/Src/stm32f1xx_hal_cortex.o
 .text.NVIC_EnableIRQ
                0x0000000008000f90       0x30 HAL_Driver/Src/stm32f1xx_hal_cortex.o
 .text.NVIC_SetPriority
                0x0000000008000fc0       0x54 HAL_Driver/Src/stm32f1xx_hal_cortex.o
 .text.NVIC_EncodePriority
                0x0000000008001014       0x60 HAL_Driver/Src/stm32f1xx_hal_cortex.o
 .text.SysTick_Config
                0x0000000008001074       0x44 HAL_Driver/Src/stm32f1xx_hal_cortex.o
 .text.HAL_NVIC_SetPriorityGrouping
                0x00000000080010b8       0x16 HAL_Driver/Src/stm32f1xx_hal_cortex.o
                0x00000000080010b8                HAL_NVIC_SetPriorityGrouping
 .text.HAL_NVIC_SetPriority
                0x00000000080010ce       0x38 HAL_Driver/Src/stm32f1xx_hal_cortex.o
                0x00000000080010ce                HAL_NVIC_SetPriority
 .text.HAL_NVIC_EnableIRQ
                0x0000000008001106       0x1c HAL_Driver/Src/stm32f1xx_hal_cortex.o
                0x0000000008001106                HAL_NVIC_EnableIRQ
 .text.HAL_SYSTICK_Config
                0x0000000008001122       0x18 HAL_Driver/Src/stm32f1xx_hal_cortex.o
                0x0000000008001122                HAL_SYSTICK_Config
 .text.HAL_SYSTICK_IRQHandler
                0x000000000800113a        0xc HAL_Driver/Src/stm32f1xx_hal_cortex.o
                0x000000000800113a                HAL_SYSTICK_IRQHandler
 .text.HAL_SYSTICK_Callback
                0x0000000008001146        0xc HAL_Driver/Src/stm32f1xx_hal_cortex.o
                0x0000000008001146                HAL_SYSTICK_Callback
 *fill*         0x0000000008001152        0x2 
 .text.HAL_GPIO_Init
                0x0000000008001154      0x2bc HAL_Driver/Src/stm32f1xx_hal_gpio.o
                0x0000000008001154                HAL_GPIO_Init
 .text.HAL_GPIO_WritePin
                0x0000000008001410       0x30 HAL_Driver/Src/stm32f1xx_hal_gpio.o
                0x0000000008001410                HAL_GPIO_WritePin
 .text.HAL_GPIO_TogglePin
                0x0000000008001440       0x22 HAL_Driver/Src/stm32f1xx_hal_gpio.o
                0x0000000008001440                HAL_GPIO_TogglePin
 .text.HAL_MspInit
                0x0000000008001462        0xc HAL_Driver/Src/stm32f1xx_hal_msp_template.o
                0x0000000008001462                HAL_MspInit
 *fill*         0x000000000800146e        0x2 
 .text.HAL_RCC_GetHCLKFreq
                0x0000000008001470       0x14 HAL_Driver/Src/stm32f1xx_hal_rcc.o
                0x0000000008001470                HAL_RCC_GetHCLKFreq
 .text.HAL_RCC_GetPCLK1Freq
                0x0000000008001484       0x28 HAL_Driver/Src/stm32f1xx_hal_rcc.o
                0x0000000008001484                HAL_RCC_GetPCLK1Freq
 .text.HAL_RCC_GetPCLK2Freq
                0x00000000080014ac       0x28 HAL_Driver/Src/stm32f1xx_hal_rcc.o
                0x00000000080014ac                HAL_RCC_GetPCLK2Freq
 .text.HAL_TIM_Base_Init
                0x00000000080014d4       0x56 HAL_Driver/Src/stm32f1xx_hal_tim.o
                0x00000000080014d4                HAL_TIM_Base_Init
 .text.HAL_TIM_Base_MspInit
                0x000000000800152a       0x12 HAL_Driver/Src/stm32f1xx_hal_tim.o
                0x000000000800152a                HAL_TIM_Base_MspInit
 .text.TIM_Base_SetConfig
                0x000000000800153c       0xcc HAL_Driver/Src/stm32f1xx_hal_tim.o
                0x000000000800153c                TIM_Base_SetConfig
 .text.HAL_UART_Init
                0x0000000008001608       0x9a HAL_Driver/Src/stm32f1xx_hal_uart.o
                0x0000000008001608                HAL_UART_Init
 .text.HAL_UART_MspInit
                0x00000000080016a2       0x12 HAL_Driver/Src/stm32f1xx_hal_uart.o
                0x00000000080016a2                HAL_UART_MspInit
 .text.HAL_UART_Transmit
                0x00000000080016b4      0x130 HAL_Driver/Src/stm32f1xx_hal_uart.o
                0x00000000080016b4                HAL_UART_Transmit
 .text.UART_WaitOnFlagUntilTimeout
                0x00000000080017e4       0x94 HAL_Driver/Src/stm32f1xx_hal_uart.o
 .text.UART_SetConfig
                0x0000000008001878      0x230 HAL_Driver/Src/stm32f1xx_hal_uart.o
 .text.main     0x0000000008001aa8      0x184 src/main.o
                0x0000000008001aa8                main
 .text._Z10clocksInitv
                0x0000000008001c2c      0x120 src/main.o
                0x0000000008001c2c                clocksInit()
 *fill*         0x0000000008001d4c        0x4 
 .text.TIM2_IRQHandler
                0x0000000008001d50      0x12c src/main.o
                0x0000000008001d50                TIM2_IRQHandler
 .text.TIM4_IRQHandler
                0x0000000008001e7c       0x5c src/main.o
                0x0000000008001e7c                TIM4_IRQHandler
 .text.EXTI15_10_IRQHandler
                0x0000000008001ed8       0xe8 src/main.o
                0x0000000008001ed8                EXTI15_10_IRQHandler
 .text.SysTick_Handler
                0x0000000008001fc0       0x10 src/stm32f1xx_it.o
                0x0000000008001fc0                SysTick_Handler
 .text._sbrk    0x0000000008001fd0       0x58 src/syscalls.o
                0x0000000008001fd0                _sbrk
 .text.Reset_Handler
                0x0000000008002028       0x40 startup/startup_stm32.o
                0x0000000008002028                Reset_Handler
 .text.Default_Handler
                0x0000000008002068        0x2 startup/startup_stm32.o
                0x0000000008002068                EXTI2_IRQHandler
                0x0000000008002068                DebugMon_Handler
                0x0000000008002068                TIM1_CC_IRQHandler
                0x0000000008002068                HardFault_Handler
                0x0000000008002068                PVD_IRQHandler
                0x0000000008002068                PendSV_Handler
                0x0000000008002068                NMI_Handler
                0x0000000008002068                EXTI3_IRQHandler
                0x0000000008002068                EXTI0_IRQHandler
                0x0000000008002068                I2C2_EV_IRQHandler
                0x0000000008002068                UsageFault_Handler
                0x0000000008002068                ADC1_2_IRQHandler
                0x0000000008002068                SPI1_IRQHandler
                0x0000000008002068                TAMPER_IRQHandler
                0x0000000008002068                DMA1_Channel4_IRQHandler
                0x0000000008002068                USART3_IRQHandler
                0x0000000008002068                RTC_IRQHandler
                0x0000000008002068                DMA1_Channel7_IRQHandler
                0x0000000008002068                CAN1_RX1_IRQHandler
                0x0000000008002068                I2C1_EV_IRQHandler
                0x0000000008002068                DMA1_Channel6_IRQHandler
                0x0000000008002068                TIM3_IRQHandler
                0x0000000008002068                RCC_IRQHandler
                0x0000000008002068                TIM1_TRG_COM_IRQHandler
                0x0000000008002068                DMA1_Channel1_IRQHandler
                0x0000000008002068                Default_Handler
                0x0000000008002068                EXTI9_5_IRQHandler
                0x0000000008002068                SPI2_IRQHandler
                0x0000000008002068                MemManage_Handler
                0x0000000008002068                SVC_Handler
                0x0000000008002068                DMA1_Channel5_IRQHandler
                0x0000000008002068                EXTI4_IRQHandler
                0x0000000008002068                USB_LP_CAN1_RX0_IRQHandler
                0x0000000008002068                USB_HP_CAN1_TX_IRQHandler
                0x0000000008002068                DMA1_Channel3_IRQHandler
                0x0000000008002068                TIM1_UP_IRQHandler
                0x0000000008002068                WWDG_IRQHandler
                0x0000000008002068                TIM1_BRK_IRQHandler
                0x0000000008002068                EXTI1_IRQHandler
                0x0000000008002068                RTCAlarm_IRQHandler
                0x0000000008002068                USART2_IRQHandler
                0x0000000008002068                I2C2_ER_IRQHandler
                0x0000000008002068                DMA1_Channel2_IRQHandler
                0x0000000008002068                CAN1_SCE_IRQHandler
                0x0000000008002068                FLASH_IRQHandler
                0x0000000008002068                BusFault_Handler
                0x0000000008002068                USART1_IRQHandler
                0x0000000008002068                I2C1_ER_IRQHandler
                0x0000000008002068                USBWakeUp_IRQHandler
 *fill*         0x000000000800206a        0x2 
 .text.__errno  0x000000000800206c        0xc /home/mdk/Ac6/SystemWorkbench/plugins/fr.ac6.mcu.externaltools.arm-none.linux64_1.15.0.201708311556/tools/compiler/bin/../lib/gcc/arm-none-eabi/6.3.1/../../../../arm-none-eabi/lib/thumb/v7-m/libc.a(lib_a-errno.o)
                0x000000000800206c                __errno
 .text.memset   0x0000000008002078       0x9c /home/mdk/Ac6/SystemWorkbench/plugins/fr.ac6.mcu.externaltools.arm-none.linux64_1.15.0.201708311556/tools/compiler/bin/../lib/gcc/arm-none-eabi/6.3.1/../../../../arm-none-eabi/lib/thumb/v7-m/libc.a(lib_a-memset.o)
                0x0000000008002078                memset
 .text.sprintf  0x0000000008002114       0x4c /home/mdk/Ac6/SystemWorkbench/plugins/fr.ac6.mcu.externaltools.arm-none.linux64_1.15.0.201708311556/tools/compiler/bin/../lib/gcc/arm-none-eabi/6.3.1/../../../../arm-none-eabi/lib/thumb/v7-m/libc.a(lib_a-sprintf.o)
                0x0000000008002114                sprintf
 .text.strlen   0x0000000008002160       0x5c /home/mdk/Ac6/SystemWorkbench/plugins/fr.ac6.mcu.externaltools.arm-none.linux64_1.15.0.201708311556/tools/compiler/bin/../lib/gcc/arm-none-eabi/6.3.1/../../../../arm-none-eabi/lib/thumb/v7-m/libc.a(lib_a-strlen-stub.o)
                0x0000000008002160                strlen
 .text._svfprintf_r
                0x00000000080021bc     0x1500 /home/mdk/Ac6/SystemWorkbench/plugins/fr.ac6.mcu.externaltools.arm-none.linux64_1.15.0.201708311556/tools/compiler/bin/../lib/gcc/arm-none-eabi/6.3.1/../../../../arm-none-eabi/lib/thumb/v7-m/libc.a(lib_a-svfprintf.o)
                0x00000000080021bc                _svfprintf_r
 .text.startup.register_fini
                0x00000000080036bc       0x14 /home/mdk/Ac6/SystemWorkbench/plugins/fr.ac6.mcu.externaltools.arm-none.linux64_1.15.0.201708311556/tools/compiler/bin/../lib/gcc/arm-none-eabi/6.3.1/../../../../arm-none-eabi/lib/thumb/v7-m/libc.a(lib_a-__call_atexit.o)
 .text.atexit   0x00000000080036d0        0xc /home/mdk/Ac6/SystemWorkbench/plugins/fr.ac6.mcu.externaltools.arm-none.linux64_1.15.0.201708311556/tools/compiler/bin/../lib/gcc/arm-none-eabi/6.3.1/../../../../arm-none-eabi/lib/thumb/v7-m/libc.a(lib_a-atexit.o)
                0x00000000080036d0                atexit
 .text.quorem   0x00000000080036dc      0x128 /home/mdk/Ac6/SystemWorkbench/plugins/fr.ac6.mcu.externaltools.arm-none.linux64_1.15.0.201708311556/tools/compiler/bin/../lib/gcc/arm-none-eabi/6.3.1/../../../../arm-none-eabi/lib/thumb/v7-m/libc.a(lib_a-dtoa.o)
 *fill*         0x0000000008003804        0x4 
 .text._dtoa_r  0x0000000008003808      0xe44 /home/mdk/Ac6/SystemWorkbench/plugins/fr.ac6.mcu.externaltools.arm-none.linux64_1.15.0.201708311556/tools/compiler/bin/../lib/gcc/arm-none-eabi/6.3.1/../../../../arm-none-eabi/lib/thumb/v7-m/libc.a(lib_a-dtoa.o)
                0x0000000008003808                _dtoa_r
 .text.__libc_fini_array
                0x000000000800464c       0x34 /home/mdk/Ac6/SystemWorkbench/plugins/fr.ac6.mcu.externaltools.arm-none.linux64_1.15.0.201708311556/tools/compiler/bin/../lib/gcc/arm-none-eabi/6.3.1/../../../../arm-none-eabi/lib/thumb/v7-m/libc.a(lib_a-fini.o)
                0x000000000800464c                __libc_fini_array
 .text._localeconv_r
                0x0000000008004680       0x1c /home/mdk/Ac6/SystemWorkbench/plugins/fr.ac6.mcu.externaltools.arm-none.linux64_1.15.0.201708311556/tools/compiler/bin/../lib/gcc/arm-none-eabi/6.3.1/../../../../arm-none-eabi/lib/thumb/v7-m/libc.a(lib_a-localeconv.o)
                0x0000000008004680                _localeconv_r
 .text.__retarget_lock_acquire_recursive
                0x000000000800469c        0x4 /home/mdk/Ac6/SystemWorkbench/plugins/fr.ac6.mcu.externaltools.arm-none.linux64_1.15.0.201708311556/tools/compiler/bin/../lib/gcc/arm-none-eabi/6.3.1/../../../../arm-none-eabi/lib/thumb/v7-m/libc.a(lib_a-lock.o)
                0x000000000800469c                __retarget_lock_acquire_recursive
 .text.__retarget_lock_release_recursive
                0x00000000080046a0        0x4 /home/mdk/Ac6/SystemWorkbench/plugins/fr.ac6.mcu.externaltools.arm-none.linux64_1.15.0.201708311556/tools/compiler/bin/../lib/gcc/arm-none-eabi/6.3.1/../../../../arm-none-eabi/lib/thumb/v7-m/libc.a(lib_a-lock.o)
                0x00000000080046a0                __retarget_lock_release_recursive
 .text._malloc_r
                0x00000000080046a4      0x544 /home/mdk/Ac6/SystemWorkbench/plugins/fr.ac6.mcu.externaltools.arm-none.linux64_1.15.0.201708311556/tools/compiler/bin/../lib/gcc/arm-none-eabi/6.3.1/../../../../arm-none-eabi/lib/thumb/v7-m/libc.a(lib_a-mallocr.o)
                0x00000000080046a4                _malloc_r
 .text.memchr   0x0000000008004be8       0x8c /home/mdk/Ac6/SystemWorkbench/plugins/fr.ac6.mcu.externaltools.arm-none.linux64_1.15.0.201708311556/tools/compiler/bin/../lib/gcc/arm-none-eabi/6.3.1/../../../../arm-none-eabi/lib/thumb/v7-m/libc.a(lib_a-memchr-stub.o)
                0x0000000008004be8                memchr
 .text.__malloc_lock
                0x0000000008004c74        0xc /home/mdk/Ac6/SystemWorkbench/plugins/fr.ac6.mcu.externaltools.arm-none.linux64_1.15.0.201708311556/tools/compiler/bin/../lib/gcc/arm-none-eabi/6.3.1/../../../../arm-none-eabi/lib/thumb/v7-m/libc.a(lib_a-mlock.o)
                0x0000000008004c74                __malloc_lock
 .text.__malloc_unlock
                0x0000000008004c80        0xc /home/mdk/Ac6/SystemWorkbench/plugins/fr.ac6.mcu.externaltools.arm-none.linux64_1.15.0.201708311556/tools/compiler/bin/../lib/gcc/arm-none-eabi/6.3.1/../../../../arm-none-eabi/lib/thumb/v7-m/libc.a(lib_a-mlock.o)
                0x0000000008004c80                __malloc_unlock
 .text._Balloc  0x0000000008004c8c       0x4c /home/mdk/Ac6/SystemWorkbench/plugins/fr.ac6.mcu.externaltools.arm-none.linux64_1.15.0.201708311556/tools/compiler/bin/../lib/gcc/arm-none-eabi/6.3.1/../../../../arm-none-eabi/lib/thumb/v7-m/libc.a(lib_a-mprec.o)
                0x0000000008004c8c                _Balloc
 .text._Bfree   0x0000000008004cd8       0x14 /home/mdk/Ac6/SystemWorkbench/plugins/fr.ac6.mcu.externaltools.arm-none.linux64_1.15.0.201708311556/tools/compiler/bin/../lib/gcc/arm-none-eabi/6.3.1/../../../../arm-none-eabi/lib/thumb/v7-m/libc.a(lib_a-mprec.o)
                0x0000000008004cd8                _Bfree
 .text.__multadd
                0x0000000008004cec       0x84 /home/mdk/Ac6/SystemWorkbench/plugins/fr.ac6.mcu.externaltools.arm-none.linux64_1.15.0.201708311556/tools/compiler/bin/../lib/gcc/arm-none-eabi/6.3.1/../../../../arm-none-eabi/lib/thumb/v7-m/libc.a(lib_a-mprec.o)
                0x0000000008004cec                __multadd
 .text.__hi0bits
                0x0000000008004d70       0x40 /home/mdk/Ac6/SystemWorkbench/plugins/fr.ac6.mcu.externaltools.arm-none.linux64_1.15.0.201708311556/tools/compiler/bin/../lib/gcc/arm-none-eabi/6.3.1/../../../../arm-none-eabi/lib/thumb/v7-m/libc.a(lib_a-mprec.o)
                0x0000000008004d70                __hi0bits
 .text.__lo0bits
                0x0000000008004db0       0x60 /home/mdk/Ac6/SystemWorkbench/plugins/fr.ac6.mcu.externaltools.arm-none.linux64_1.15.0.201708311556/tools/compiler/bin/../lib/gcc/arm-none-eabi/6.3.1/../../../../arm-none-eabi/lib/thumb/v7-m/libc.a(lib_a-mprec.o)
                0x0000000008004db0                __lo0bits
 .text.__i2b    0x0000000008004e10       0x14 /home/mdk/Ac6/SystemWorkbench/plugins/fr.ac6.mcu.externaltools.arm-none.linux64_1.15.0.201708311556/tools/compiler/bin/../lib/gcc/arm-none-eabi/6.3.1/../../../../arm-none-eabi/lib/thumb/v7-m/libc.a(lib_a-mprec.o)
                0x0000000008004e10                __i2b
 .text.__multiply
                0x0000000008004e24      0x124 /home/mdk/Ac6/SystemWorkbench/plugins/fr.ac6.mcu.externaltools.arm-none.linux64_1.15.0.201708311556/tools/compiler/bin/../lib/gcc/arm-none-eabi/6.3.1/../../../../arm-none-eabi/lib/thumb/v7-m/libc.a(lib_a-mprec.o)
                0x0000000008004e24                __multiply
 .text.__pow5mult
                0x0000000008004f48       0xa0 /home/mdk/Ac6/SystemWorkbench/plugins/fr.ac6.mcu.externaltools.arm-none.linux64_1.15.0.201708311556/tools/compiler/bin/../lib/gcc/arm-none-eabi/6.3.1/../../../../arm-none-eabi/lib/thumb/v7-m/libc.a(lib_a-mprec.o)
                0x0000000008004f48                __pow5mult
 .text.__lshift
                0x0000000008004fe8       0xa0 /home/mdk/Ac6/SystemWorkbench/plugins/fr.ac6.mcu.externaltools.arm-none.linux64_1.15.0.201708311556/tools/compiler/bin/../lib/gcc/arm-none-eabi/6.3.1/../../../../arm-none-eabi/lib/thumb/v7-m/libc.a(lib_a-mprec.o)
                0x0000000008004fe8                __lshift
 .text.__mcmp   0x0000000008005088       0x38 /home/mdk/Ac6/SystemWorkbench/plugins/fr.ac6.mcu.externaltools.arm-none.linux64_1.15.0.201708311556/tools/compiler/bin/../lib/gcc/arm-none-eabi/6.3.1/../../../../arm-none-eabi/lib/thumb/v7-m/libc.a(lib_a-mprec.o)
                0x0000000008005088                __mcmp
 .text.__mdiff  0x00000000080050c0      0x11c /home/mdk/Ac6/SystemWorkbench/plugins/fr.ac6.mcu.externaltools.arm-none.linux64_1.15.0.201708311556/tools/compiler/bin/../lib/gcc/arm-none-eabi/6.3.1/../../../../arm-none-eabi/lib/thumb/v7-m/libc.a(lib_a-mprec.o)
                0x00000000080050c0                __mdiff
 .text.__d2b    0x00000000080051dc       0xa8 /home/mdk/Ac6/SystemWorkbench/plugins/fr.ac6.mcu.externaltools.arm-none.linux64_1.15.0.201708311556/tools/compiler/bin/../lib/gcc/arm-none-eabi/6.3.1/../../../../arm-none-eabi/lib/thumb/v7-m/libc.a(lib_a-mprec.o)
                0x00000000080051dc                __d2b
 .text._sbrk_r  0x0000000008005284       0x24 /home/mdk/Ac6/SystemWorkbench/plugins/fr.ac6.mcu.externaltools.arm-none.linux64_1.15.0.201708311556/tools/compiler/bin/../lib/gcc/arm-none-eabi/6.3.1/../../../../arm-none-eabi/lib/thumb/v7-m/libc.a(lib_a-sbrkr.o)
                0x0000000008005284                _sbrk_r
 .text.__ssprint_r
                0x00000000080052a8       0xfc /home/mdk/Ac6/SystemWorkbench/plugins/fr.ac6.mcu.externaltools.arm-none.linux64_1.15.0.201708311556/tools/compiler/bin/../lib/gcc/arm-none-eabi/6.3.1/../../../../arm-none-eabi/lib/thumb/v7-m/libc.a(lib_a-svfiprintf.o)
                0x00000000080052a8                __ssprint_r
 .text.__register_exitproc
                0x00000000080053a4       0xc4 /home/mdk/Ac6/SystemWorkbench/plugins/fr.ac6.mcu.externaltools.arm-none.linux64_1.15.0.201708311556/tools/compiler/bin/../lib/gcc/arm-none-eabi/6.3.1/../../../../arm-none-eabi/lib/thumb/v7-m/libc.a(lib_a-__atexit.o)
                0x00000000080053a4                __register_exitproc
 .text._calloc_r
                0x0000000008005468       0x60 /home/mdk/Ac6/SystemWorkbench/plugins/fr.ac6.mcu.externaltools.arm-none.linux64_1.15.0.201708311556/tools/compiler/bin/../lib/gcc/arm-none-eabi/6.3.1/../../../../arm-none-eabi/lib/thumb/v7-m/libc.a(lib_a-callocr.o)
                0x0000000008005468                _calloc_r
 .text._malloc_trim_r
                0x00000000080054c8       0xa0 /home/mdk/Ac6/SystemWorkbench/plugins/fr.ac6.mcu.externaltools.arm-none.linux64_1.15.0.201708311556/tools/compiler/bin/../lib/gcc/arm-none-eabi/6.3.1/../../../../arm-none-eabi/lib/thumb/v7-m/libc.a(lib_a-freer.o)
                0x00000000080054c8                _malloc_trim_r
 .text._free_r  0x0000000008005568      0x1cc /home/mdk/Ac6/SystemWorkbench/plugins/fr.ac6.mcu.externaltools.arm-none.linux64_1.15.0.201708311556/tools/compiler/bin/../lib/gcc/arm-none-eabi/6.3.1/../../../../arm-none-eabi/lib/thumb/v7-m/libc.a(lib_a-freer.o)
                0x0000000008005568                _free_r
 .text.__ascii_mbtowc
                0x0000000008005734       0x2c /home/mdk/Ac6/SystemWorkbench/plugins/fr.ac6.mcu.externaltools.arm-none.linux64_1.15.0.201708311556/tools/compiler/bin/../lib/gcc/arm-none-eabi/6.3.1/../../../../arm-none-eabi/lib/thumb/v7-m/libc.a(lib_a-mbtowc_r.o)
                0x0000000008005734                __ascii_mbtowc
 .text.memmove  0x0000000008005760       0xc8 /home/mdk/Ac6/SystemWorkbench/plugins/fr.ac6.mcu.externaltools.arm-none.linux64_1.15.0.201708311556/tools/compiler/bin/../lib/gcc/arm-none-eabi/6.3.1/../../../../arm-none-eabi/lib/thumb/v7-m/libc.a(lib_a-memmove.o)
                0x0000000008005760                memmove
 .text._realloc_r
                0x0000000008005828      0x36c /home/mdk/Ac6/SystemWorkbench/plugins/fr.ac6.mcu.externaltools.arm-none.linux64_1.15.0.201708311556/tools/compiler/bin/../lib/gcc/arm-none-eabi/6.3.1/../../../../arm-none-eabi/lib/thumb/v7-m/libc.a(lib_a-reallocr.o)
                0x0000000008005828                _realloc_r
 .text.__ascii_wctomb
                0x0000000008005b94       0x18 /home/mdk/Ac6/SystemWorkbench/plugins/fr.ac6.mcu.externaltools.arm-none.linux64_1.15.0.201708311556/tools/compiler/bin/../lib/gcc/arm-none-eabi/6.3.1/../../../../arm-none-eabi/lib/thumb/v7-m/libc.a(lib_a-wctomb_r.o)
                0x0000000008005b94                __ascii_wctomb
 *(.glue_7)
 .glue_7        0x0000000008005bac        0x0 linker stubs
 *(.glue_7t)
 .glue_7t       0x0000000008005bac        0x0 linker stubs
 *(.eh_frame)
 .eh_frame      0x0000000008005bac        0x0 /home/mdk/Ac6/SystemWorkbench/plugins/fr.ac6.mcu.externaltools.arm-none.linux64_1.15.0.201708311556/tools/compiler/bin/../lib/gcc/arm-none-eabi/6.3.1/thumb/v7-m/crtbegin.o
 *(.init)
 .init          0x0000000008005bac        0x4 /home/mdk/Ac6/SystemWorkbench/plugins/fr.ac6.mcu.externaltools.arm-none.linux64_1.15.0.201708311556/tools/compiler/bin/../lib/gcc/arm-none-eabi/6.3.1/thumb/v7-m/crti.o
                0x0000000008005bac                _init
 .init          0x0000000008005bb0        0x8 /home/mdk/Ac6/SystemWorkbench/plugins/fr.ac6.mcu.externaltools.arm-none.linux64_1.15.0.201708311556/tools/compiler/bin/../lib/gcc/arm-none-eabi/6.3.1/thumb/v7-m/crtn.o
 *(.fini)
 .fini          0x0000000008005bb8        0x4 /home/mdk/Ac6/SystemWorkbench/plugins/fr.ac6.mcu.externaltools.arm-none.linux64_1.15.0.201708311556/tools/compiler/bin/../lib/gcc/arm-none-eabi/6.3.1/thumb/v7-m/crti.o
                0x0000000008005bb8                _fini
 .fini          0x0000000008005bbc        0x8 /home/mdk/Ac6/SystemWorkbench/plugins/fr.ac6.mcu.externaltools.arm-none.linux64_1.15.0.201708311556/tools/compiler/bin/../lib/gcc/arm-none-eabi/6.3.1/thumb/v7-m/crtn.o
                0x0000000008005bc4                . = ALIGN (0x4)
                0x0000000008005bc4                _etext = .

.vfp11_veneer   0x0000000008005bc4        0x0
 .vfp11_veneer  0x0000000008005bc4        0x0 linker stubs

.v4_bx          0x0000000008005bc4        0x0
 .v4_bx         0x0000000008005bc4        0x0 linker stubs

.iplt           0x0000000008005bc4        0x0
 .iplt          0x0000000008005bc4        0x0 /home/mdk/Ac6/SystemWorkbench/plugins/fr.ac6.mcu.externaltools.arm-none.linux64_1.15.0.201708311556/tools/compiler/bin/../lib/gcc/arm-none-eabi/6.3.1/thumb/v7-m/crtbegin.o

.rodata         0x0000000008005bc8      0x2b0
                0x0000000008005bc8                . = ALIGN (0x4)
 *(.rodata)
 .rodata        0x0000000008005bc8        0xb src/main.o
 *fill*         0x0000000008005bd3        0x1 
 .rodata        0x0000000008005bd4       0x18 src/system_stm32f1xx.o
                0x0000000008005bd4                AHBPrescTable
                0x0000000008005be4                APBPrescTable
 *(.rodata*)
 .rodata._global_impure_ptr
                0x0000000008005bec        0x4 /home/mdk/Ac6/SystemWorkbench/plugins/fr.ac6.mcu.externaltools.arm-none.linux64_1.15.0.201708311556/tools/compiler/bin/../lib/gcc/arm-none-eabi/6.3.1/../../../../arm-none-eabi/lib/thumb/v7-m/libc.a(lib_a-impure.o)
                0x0000000008005bec                _global_impure_ptr
 .rodata._svfprintf_r.str1.4
                0x0000000008005bf0       0x42 /home/mdk/Ac6/SystemWorkbench/plugins/fr.ac6.mcu.externaltools.arm-none.linux64_1.15.0.201708311556/tools/compiler/bin/../lib/gcc/arm-none-eabi/6.3.1/../../../../arm-none-eabi/lib/thumb/v7-m/libc.a(lib_a-svfprintf.o)
 *fill*         0x0000000008005c32        0x2 
 .rodata.blanks.7223
                0x0000000008005c34       0x10 /home/mdk/Ac6/SystemWorkbench/plugins/fr.ac6.mcu.externaltools.arm-none.linux64_1.15.0.201708311556/tools/compiler/bin/../lib/gcc/arm-none-eabi/6.3.1/../../../../arm-none-eabi/lib/thumb/v7-m/libc.a(lib_a-svfprintf.o)
 .rodata.zeroes.7224
                0x0000000008005c44       0x10 /home/mdk/Ac6/SystemWorkbench/plugins/fr.ac6.mcu.externaltools.arm-none.linux64_1.15.0.201708311556/tools/compiler/bin/../lib/gcc/arm-none-eabi/6.3.1/../../../../arm-none-eabi/lib/thumb/v7-m/libc.a(lib_a-svfprintf.o)
 .rodata._dtoa_r.str1.4
                0x0000000008005c54       0x10 /home/mdk/Ac6/SystemWorkbench/plugins/fr.ac6.mcu.externaltools.arm-none.linux64_1.15.0.201708311556/tools/compiler/bin/../lib/gcc/arm-none-eabi/6.3.1/../../../../arm-none-eabi/lib/thumb/v7-m/libc.a(lib_a-dtoa.o)
                                         0x12 (size before relaxing)
 *fill*         0x0000000008005c64        0x4 
 .rodata.__mprec_bigtens
                0x0000000008005c68       0x28 /home/mdk/Ac6/SystemWorkbench/plugins/fr.ac6.mcu.externaltools.arm-none.linux64_1.15.0.201708311556/tools/compiler/bin/../lib/gcc/arm-none-eabi/6.3.1/../../../../arm-none-eabi/lib/thumb/v7-m/libc.a(lib_a-mprec.o)
                0x0000000008005c68                __mprec_bigtens
 .rodata.__mprec_tens
                0x0000000008005c90       0xc8 /home/mdk/Ac6/SystemWorkbench/plugins/fr.ac6.mcu.externaltools.arm-none.linux64_1.15.0.201708311556/tools/compiler/bin/../lib/gcc/arm-none-eabi/6.3.1/../../../../arm-none-eabi/lib/thumb/v7-m/libc.a(lib_a-mprec.o)
                0x0000000008005c90                __mprec_tens
 .rodata.p05.6055
                0x0000000008005d58        0xc /home/mdk/Ac6/SystemWorkbench/plugins/fr.ac6.mcu.externaltools.arm-none.linux64_1.15.0.201708311556/tools/compiler/bin/../lib/gcc/arm-none-eabi/6.3.1/../../../../arm-none-eabi/lib/thumb/v7-m/libc.a(lib_a-mprec.o)
 .rodata._setlocale_r.str1.4
                0x0000000008005d64        0xa /home/mdk/Ac6/SystemWorkbench/plugins/fr.ac6.mcu.externaltools.arm-none.linux64_1.15.0.201708311556/tools/compiler/bin/../lib/gcc/arm-none-eabi/6.3.1/../../../../arm-none-eabi/lib/thumb/v7-m/libc.a(lib_a-locale.o)
                                          0xd (size before relaxing)
 *fill*         0x0000000008005d6e        0x2 
 .rodata.str1.4
                0x0000000008005d70        0x4 /home/mdk/Ac6/SystemWorkbench/plugins/fr.ac6.mcu.externaltools.arm-none.linux64_1.15.0.201708311556/tools/compiler/bin/../lib/gcc/arm-none-eabi/6.3.1/../../../../arm-none-eabi/lib/thumb/v7-m/libc.a(lib_a-locale.o)
                                          0x2 (size before relaxing)
 .rodata._ctype_
                0x0000000008005d74      0x101 /home/mdk/Ac6/SystemWorkbench/plugins/fr.ac6.mcu.externaltools.arm-none.linux64_1.15.0.201708311556/tools/compiler/bin/../lib/gcc/arm-none-eabi/6.3.1/../../../../arm-none-eabi/lib/thumb/v7-m/libc.a(lib_a-ctype_.o)
                0x0000000008005d74                _ctype_
                0x0000000008005e78                . = ALIGN (0x4)
 *fill*         0x0000000008005e75        0x3 

.ARM.extab      0x0000000008005e78        0x0
                0x0000000008005e78                . = ALIGN (0x4)
 *(.ARM.extab* .gnu.linkonce.armextab.*)
                0x0000000008005e78                . = ALIGN (0x4)

.ARM            0x0000000008005e78        0x8
                0x0000000008005e78                . = ALIGN (0x4)
                0x0000000008005e78                __exidx_start = .
 *(.ARM.exidx*)
 .ARM.exidx     0x0000000008005e78        0x8 /home/mdk/Ac6/SystemWorkbench/plugins/fr.ac6.mcu.externaltools.arm-none.linux64_1.15.0.201708311556/tools/compiler/bin/../lib/gcc/arm-none-eabi/6.3.1/thumb/v7-m/libgcc.a(_udivmoddi4.o)
                0x0000000008005e80                __exidx_end = .
                0x0000000008005e80                . = ALIGN (0x4)

.rel.dyn        0x0000000008005e80        0x0
 .rel.iplt      0x0000000008005e80        0x0 /home/mdk/Ac6/SystemWorkbench/plugins/fr.ac6.mcu.externaltools.arm-none.linux64_1.15.0.201708311556/tools/compiler/bin/../lib/gcc/arm-none-eabi/6.3.1/thumb/v7-m/crtbegin.o

.preinit_array  0x0000000008005e80        0x0
                0x0000000008005e80                . = ALIGN (0x4)
                0x0000000008005e80                PROVIDE (__preinit_array_start, .)
 *(.preinit_array*)
                0x0000000008005e80                PROVIDE (__preinit_array_end, .)
                0x0000000008005e80                . = ALIGN (0x4)

.init_array     0x0000000008005e80        0x8
                0x0000000008005e80                . = ALIGN (0x4)
                0x0000000008005e80                PROVIDE (__init_array_start, .)
 *(SORT(.init_array.*))
 .init_array.00000
                0x0000000008005e80        0x4 /home/mdk/Ac6/SystemWorkbench/plugins/fr.ac6.mcu.externaltools.arm-none.linux64_1.15.0.201708311556/tools/compiler/bin/../lib/gcc/arm-none-eabi/6.3.1/../../../../arm-none-eabi/lib/thumb/v7-m/libc.a(lib_a-__call_atexit.o)
 *(.init_array*)
 .init_array    0x0000000008005e84        0x4 /home/mdk/Ac6/SystemWorkbench/plugins/fr.ac6.mcu.externaltools.arm-none.linux64_1.15.0.201708311556/tools/compiler/bin/../lib/gcc/arm-none-eabi/6.3.1/thumb/v7-m/crtbegin.o
                0x0000000008005e88                PROVIDE (__init_array_end, .)
                0x0000000008005e88                . = ALIGN (0x4)

.fini_array     0x0000000008005e88        0x4
                0x0000000008005e88                . = ALIGN (0x4)
                0x0000000008005e88                PROVIDE (__fini_array_start, .)
 *(SORT(.fini_array.*))
 *(.fini_array*)
 .fini_array    0x0000000008005e88        0x4 /home/mdk/Ac6/SystemWorkbench/plugins/fr.ac6.mcu.externaltools.arm-none.linux64_1.15.0.201708311556/tools/compiler/bin/../lib/gcc/arm-none-eabi/6.3.1/thumb/v7-m/crtbegin.o
                0x0000000008005e8c                PROVIDE (__fini_array_end, .)
                0x0000000008005e8c                . = ALIGN (0x4)
                0x0000000008005e8c                _sidata = LOADADDR (.data)

.data           0x0000000020000000      0x9b0 load address 0x0000000008005e8c
                0x0000000020000000                . = ALIGN (0x4)
                0x0000000020000000                _sdata = .
 *(.data)
 .data          0x0000000020000000        0x4 src/system_stm32f1xx.o
                0x0000000020000000                SystemCoreClock
 *(.data*)
 .data._impure_ptr
                0x0000000020000004        0x4 /home/mdk/Ac6/SystemWorkbench/plugins/fr.ac6.mcu.externaltools.arm-none.linux64_1.15.0.201708311556/tools/compiler/bin/../lib/gcc/arm-none-eabi/6.3.1/../../../../arm-none-eabi/lib/thumb/v7-m/libc.a(lib_a-impure.o)
                0x0000000020000004                _impure_ptr
 .data.impure_data
                0x0000000020000008      0x428 /home/mdk/Ac6/SystemWorkbench/plugins/fr.ac6.mcu.externaltools.arm-none.linux64_1.15.0.201708311556/tools/compiler/bin/../lib/gcc/arm-none-eabi/6.3.1/../../../../arm-none-eabi/lib/thumb/v7-m/libc.a(lib_a-impure.o)
 .data.__atexit_recursive_mutex
                0x0000000020000430        0x4 /home/mdk/Ac6/SystemWorkbench/plugins/fr.ac6.mcu.externaltools.arm-none.linux64_1.15.0.201708311556/tools/compiler/bin/../lib/gcc/arm-none-eabi/6.3.1/../../../../arm-none-eabi/lib/thumb/v7-m/libc.a(lib_a-__call_atexit.o)
                0x0000000020000430                __atexit_recursive_mutex
 .data.__malloc_av_
                0x0000000020000434      0x408 /home/mdk/Ac6/SystemWorkbench/plugins/fr.ac6.mcu.externaltools.arm-none.linux64_1.15.0.201708311556/tools/compiler/bin/../lib/gcc/arm-none-eabi/6.3.1/../../../../arm-none-eabi/lib/thumb/v7-m/libc.a(lib_a-mallocr.o)
                0x0000000020000434                __malloc_av_
 .data.__malloc_sbrk_base
                0x000000002000083c        0x4 /home/mdk/Ac6/SystemWorkbench/plugins/fr.ac6.mcu.externaltools.arm-none.linux64_1.15.0.201708311556/tools/compiler/bin/../lib/gcc/arm-none-eabi/6.3.1/../../../../arm-none-eabi/lib/thumb/v7-m/libc.a(lib_a-mallocr.o)
                0x000000002000083c                __malloc_sbrk_base
 .data.__malloc_trim_threshold
                0x0000000020000840        0x4 /home/mdk/Ac6/SystemWorkbench/plugins/fr.ac6.mcu.externaltools.arm-none.linux64_1.15.0.201708311556/tools/compiler/bin/../lib/gcc/arm-none-eabi/6.3.1/../../../../arm-none-eabi/lib/thumb/v7-m/libc.a(lib_a-mallocr.o)
                0x0000000020000840                __malloc_trim_threshold
 .data.__global_locale
                0x0000000020000844      0x16c /home/mdk/Ac6/SystemWorkbench/plugins/fr.ac6.mcu.externaltools.arm-none.linux64_1.15.0.201708311556/tools/compiler/bin/../lib/gcc/arm-none-eabi/6.3.1/../../../../arm-none-eabi/lib/thumb/v7-m/libc.a(lib_a-locale.o)
                0x0000000020000844                __global_locale
                0x00000000200009b0                . = ALIGN (0x4)
                0x00000000200009b0                _edata = .

.jcr            0x00000000200009b0        0x0 load address 0x000000000800683c
 .jcr           0x00000000200009b0        0x0 /home/mdk/Ac6/SystemWorkbench/plugins/fr.ac6.mcu.externaltools.arm-none.linux64_1.15.0.201708311556/tools/compiler/bin/../lib/gcc/arm-none-eabi/6.3.1/thumb/v7-m/crtbegin.o

.igot.plt       0x00000000200009b0        0x0 load address 0x000000000800683c
 .igot.plt      0x00000000200009b0        0x0 /home/mdk/Ac6/SystemWorkbench/plugins/fr.ac6.mcu.externaltools.arm-none.linux64_1.15.0.201708311556/tools/compiler/bin/../lib/gcc/arm-none-eabi/6.3.1/thumb/v7-m/crtbegin.o
                0x00000000200009b0                . = ALIGN (0x4)

.bss            0x00000000200009b0      0x188 load address 0x000000000800683c
                0x00000000200009b0                _sbss = .
                0x00000000200009b0                __bss_start__ = _sbss
 *(.bss)
 .bss           0x00000000200009b0       0x1c /home/mdk/Ac6/SystemWorkbench/plugins/fr.ac6.mcu.externaltools.arm-none.linux64_1.15.0.201708311556/tools/compiler/bin/../lib/gcc/arm-none-eabi/6.3.1/thumb/v7-m/crtbegin.o
 *fill*         0x00000000200009cc        0x4 
 .bss           0x00000000200009d0      0x100 src/main.o
                0x00000000200009d0                delay_counter
                0x00000000200009d4                tim4
                0x0000000020000a14                tim2
                0x0000000020000a54                huart
                0x0000000020000a94                timeValues
                0x0000000020000abc                timeCurrentIndex
                0x0000000020000ac0                millis
                0x0000000020000ac4                wmillis
                0x0000000020000ac8                averageMillis
 .bss           0x0000000020000ad0        0x8 src/syscalls.o
                0x0000000020000ad0                __env
 *(.bss*)
 .bss.__malloc_current_mallinfo
                0x0000000020000ad8       0x28 /home/mdk/Ac6/SystemWorkbench/plugins/fr.ac6.mcu.externaltools.arm-none.linux64_1.15.0.201708311556/tools/compiler/bin/../lib/gcc/arm-none-eabi/6.3.1/../../../../arm-none-eabi/lib/thumb/v7-m/libc.a(lib_a-mallocr.o)
                0x0000000020000ad8                __malloc_current_mallinfo
 .bss.__malloc_max_sbrked_mem
                0x0000000020000b00        0x4 /home/mdk/Ac6/SystemWorkbench/plugins/fr.ac6.mcu.externaltools.arm-none.linux64_1.15.0.201708311556/tools/compiler/bin/../lib/gcc/arm-none-eabi/6.3.1/../../../../arm-none-eabi/lib/thumb/v7-m/libc.a(lib_a-mallocr.o)
                0x0000000020000b00                __malloc_max_sbrked_mem
 .bss.__malloc_max_total_mem
                0x0000000020000b04        0x4 /home/mdk/Ac6/SystemWorkbench/plugins/fr.ac6.mcu.externaltools.arm-none.linux64_1.15.0.201708311556/tools/compiler/bin/../lib/gcc/arm-none-eabi/6.3.1/../../../../arm-none-eabi/lib/thumb/v7-m/libc.a(lib_a-mallocr.o)
                0x0000000020000b04                __malloc_max_total_mem
 .bss.__malloc_top_pad
                0x0000000020000b08        0x4 /home/mdk/Ac6/SystemWorkbench/plugins/fr.ac6.mcu.externaltools.arm-none.linux64_1.15.0.201708311556/tools/compiler/bin/../lib/gcc/arm-none-eabi/6.3.1/../../../../arm-none-eabi/lib/thumb/v7-m/libc.a(lib_a-mallocr.o)
                0x0000000020000b08                __malloc_top_pad
 *(COMMON)
 COMMON         0x0000000020000b0c        0x4 HAL_Driver/Src/stm32f1xx_hal.o
                0x0000000020000b0c                uwTick
 COMMON         0x0000000020000b10       0x21 /home/mdk/Ac6/SystemWorkbench/plugins/fr.ac6.mcu.externaltools.arm-none.linux64_1.15.0.201708311556/tools/compiler/bin/../lib/gcc/arm-none-eabi/6.3.1/../../../../arm-none-eabi/lib/thumb/v7-m/libc.a(lib_a-lock.o)
                0x0000000020000b10                __lock___atexit_recursive_mutex
                0x0000000020000b14                __lock___arc4random_mutex
                0x0000000020000b18                __lock___env_recursive_mutex
                0x0000000020000b1c                __lock___sinit_recursive_mutex
                0x0000000020000b20                __lock___malloc_recursive_mutex
                0x0000000020000b24                __lock___at_quick_exit_mutex
                0x0000000020000b28                __lock___dd_hash_mutex
                0x0000000020000b2c                __lock___tz_mutex
                0x0000000020000b30                __lock___sfp_recursive_mutex
 *fill*         0x0000000020000b31        0x3 
 COMMON         0x0000000020000b34        0x4 /home/mdk/Ac6/SystemWorkbench/plugins/fr.ac6.mcu.externaltools.arm-none.linux64_1.15.0.201708311556/tools/compiler/bin/../lib/gcc/arm-none-eabi/6.3.1/../../../../arm-none-eabi/lib/thumb/v7-m/libc.a(lib_a-reent.o)
                0x0000000020000b34                errno
                0x0000000020000b38                . = ALIGN (0x4)
                0x0000000020000b38                _ebss = .
                0x0000000020000b38                __bss_end__ = _ebss

._user_heap_stack
                0x0000000020000b38      0x400 load address 0x000000000800683c
                0x0000000020000b38                . = ALIGN (0x8)
                0x0000000020000b38                PROVIDE (end, .)
                [!provide]                        PROVIDE (_end, .)
                0x0000000020000b38                . = (. + _Min_Heap_Size)
                0x0000000020000f38                . = (. + _Min_Stack_Size)
 *fill*         0x0000000020000b38      0x400 
                0x0000000020000f38                . = ALIGN (0x8)

/DISCARD/
 libc.a(*)
 libm.a(*)
 libgcc.a(*)

.ARM.attributes
                0x0000000000000000       0x29
 *(.ARM.attributes)
 .ARM.attributes
                0x0000000000000000       0x1d /home/mdk/Ac6/SystemWorkbench/plugins/fr.ac6.mcu.externaltools.arm-none.linux64_1.15.0.201708311556/tools/compiler/bin/../lib/gcc/arm-none-eabi/6.3.1/thumb/v7-m/crti.o
 .ARM.attributes
                0x000000000000001d       0x2d /home/mdk/Ac6/SystemWorkbench/plugins/fr.ac6.mcu.externaltools.arm-none.linux64_1.15.0.201708311556/tools/compiler/bin/../lib/gcc/arm-none-eabi/6.3.1/thumb/v7-m/crtbegin.o
 .ARM.attributes
                0x000000000000004a       0x33 HAL_Driver/Src/stm32f1xx_hal.o
 .ARM.attributes
                0x000000000000007d       0x33 HAL_Driver/Src/stm32f1xx_hal_cortex.o
 .ARM.attributes
                0x00000000000000b0       0x33 HAL_Driver/Src/stm32f1xx_hal_gpio.o
 .ARM.attributes
                0x00000000000000e3       0x33 HAL_Driver/Src/stm32f1xx_hal_msp_template.o
 .ARM.attributes
                0x0000000000000116       0x33 HAL_Driver/Src/stm32f1xx_hal_rcc.o
 .ARM.attributes
                0x0000000000000149       0x33 HAL_Driver/Src/stm32f1xx_hal_tim.o
 .ARM.attributes
                0x000000000000017c       0x33 HAL_Driver/Src/stm32f1xx_hal_uart.o
 .ARM.attributes
                0x00000000000001af       0x33 src/main.o
 .ARM.attributes
                0x00000000000001e2       0x33 src/stm32f1xx_it.o
 .ARM.attributes
                0x0000000000000215       0x33 src/syscalls.o
 .ARM.attributes
                0x0000000000000248       0x33 src/system_stm32f1xx.o
 .ARM.attributes
                0x000000000000027b       0x21 startup/startup_stm32.o
 .ARM.attributes
                0x000000000000029c       0x1d /home/mdk/Ac6/SystemWorkbench/plugins/fr.ac6.mcu.externaltools.arm-none.linux64_1.15.0.201708311556/tools/compiler/bin/../lib/gcc/arm-none-eabi/6.3.1/thumb/v7-m/libgcc.a(_arm_addsubdf3.o)
 .ARM.attributes
                0x00000000000002b9       0x1d /home/mdk/Ac6/SystemWorkbench/plugins/fr.ac6.mcu.externaltools.arm-none.linux64_1.15.0.201708311556/tools/compiler/bin/../lib/gcc/arm-none-eabi/6.3.1/thumb/v7-m/libgcc.a(_arm_muldivdf3.o)
 .ARM.attributes
                0x00000000000002d6       0x1d /home/mdk/Ac6/SystemWorkbench/plugins/fr.ac6.mcu.externaltools.arm-none.linux64_1.15.0.201708311556/tools/compiler/bin/../lib/gcc/arm-none-eabi/6.3.1/thumb/v7-m/libgcc.a(_arm_cmpdf2.o)
 .ARM.attributes
                0x00000000000002f3       0x1d /home/mdk/Ac6/SystemWorkbench/plugins/fr.ac6.mcu.externaltools.arm-none.linux64_1.15.0.201708311556/tools/compiler/bin/../lib/gcc/arm-none-eabi/6.3.1/thumb/v7-m/libgcc.a(_arm_fixdfsi.o)
 .ARM.attributes
                0x0000000000000310       0x2d /home/mdk/Ac6/SystemWorkbench/plugins/fr.ac6.mcu.externaltools.arm-none.linux64_1.15.0.201708311556/tools/compiler/bin/../lib/gcc/arm-none-eabi/6.3.1/../../../../arm-none-eabi/lib/thumb/v7-m/libc.a(lib_a-errno.o)
 .ARM.attributes
                0x000000000000033d       0x2d /home/mdk/Ac6/SystemWorkbench/plugins/fr.ac6.mcu.externaltools.arm-none.linux64_1.15.0.201708311556/tools/compiler/bin/../lib/gcc/arm-none-eabi/6.3.1/../../../../arm-none-eabi/lib/thumb/v7-m/libc.a(lib_a-impure.o)
 .ARM.attributes
                0x000000000000036a       0x2d /home/mdk/Ac6/SystemWorkbench/plugins/fr.ac6.mcu.externaltools.arm-none.linux64_1.15.0.201708311556/tools/compiler/bin/../lib/gcc/arm-none-eabi/6.3.1/../../../../arm-none-eabi/lib/thumb/v7-m/libc.a(lib_a-memset.o)
 .ARM.attributes
                0x0000000000000397       0x2d /home/mdk/Ac6/SystemWorkbench/plugins/fr.ac6.mcu.externaltools.arm-none.linux64_1.15.0.201708311556/tools/compiler/bin/../lib/gcc/arm-none-eabi/6.3.1/../../../../arm-none-eabi/lib/thumb/v7-m/libc.a(lib_a-sprintf.o)
 .ARM.attributes
                0x00000000000003c4       0x2d /home/mdk/Ac6/SystemWorkbench/plugins/fr.ac6.mcu.externaltools.arm-none.linux64_1.15.0.201708311556/tools/compiler/bin/../lib/gcc/arm-none-eabi/6.3.1/../../../../arm-none-eabi/lib/thumb/v7-m/libc.a(lib_a-strlen-stub.o)
 .ARM.attributes
                0x00000000000003f1       0x2d /home/mdk/Ac6/SystemWorkbench/plugins/fr.ac6.mcu.externaltools.arm-none.linux64_1.15.0.201708311556/tools/compiler/bin/../lib/gcc/arm-none-eabi/6.3.1/../../../../arm-none-eabi/lib/thumb/v7-m/libc.a(lib_a-svfprintf.o)
 .ARM.attributes
                0x000000000000041e       0x2d /home/mdk/Ac6/SystemWorkbench/plugins/fr.ac6.mcu.externaltools.arm-none.linux64_1.15.0.201708311556/tools/compiler/bin/../lib/gcc/arm-none-eabi/6.3.1/../../../../arm-none-eabi/lib/thumb/v7-m/libc.a(lib_a-__call_atexit.o)
 .ARM.attributes
                0x000000000000044b       0x2d /home/mdk/Ac6/SystemWorkbench/plugins/fr.ac6.mcu.externaltools.arm-none.linux64_1.15.0.201708311556/tools/compiler/bin/../lib/gcc/arm-none-eabi/6.3.1/../../../../arm-none-eabi/lib/thumb/v7-m/libc.a(lib_a-atexit.o)
 .ARM.attributes
                0x0000000000000478       0x2d /home/mdk/Ac6/SystemWorkbench/plugins/fr.ac6.mcu.externaltools.arm-none.linux64_1.15.0.201708311556/tools/compiler/bin/../lib/gcc/arm-none-eabi/6.3.1/../../../../arm-none-eabi/lib/thumb/v7-m/libc.a(lib_a-dtoa.o)
 .ARM.attributes
                0x00000000000004a5       0x2d /home/mdk/Ac6/SystemWorkbench/plugins/fr.ac6.mcu.externaltools.arm-none.linux64_1.15.0.201708311556/tools/compiler/bin/../lib/gcc/arm-none-eabi/6.3.1/../../../../arm-none-eabi/lib/thumb/v7-m/libc.a(lib_a-fini.o)
 .ARM.attributes
                0x00000000000004d2       0x2d /home/mdk/Ac6/SystemWorkbench/plugins/fr.ac6.mcu.externaltools.arm-none.linux64_1.15.0.201708311556/tools/compiler/bin/../lib/gcc/arm-none-eabi/6.3.1/../../../../arm-none-eabi/lib/thumb/v7-m/libc.a(lib_a-localeconv.o)
 .ARM.attributes
                0x00000000000004ff       0x2d /home/mdk/Ac6/SystemWorkbench/plugins/fr.ac6.mcu.externaltools.arm-none.linux64_1.15.0.201708311556/tools/compiler/bin/../lib/gcc/arm-none-eabi/6.3.1/../../../../arm-none-eabi/lib/thumb/v7-m/libc.a(lib_a-lock.o)
 .ARM.attributes
                0x000000000000052c       0x2d /home/mdk/Ac6/SystemWorkbench/plugins/fr.ac6.mcu.externaltools.arm-none.linux64_1.15.0.201708311556/tools/compiler/bin/../lib/gcc/arm-none-eabi/6.3.1/../../../../arm-none-eabi/lib/thumb/v7-m/libc.a(lib_a-mallocr.o)
 .ARM.attributes
                0x0000000000000559       0x2d /home/mdk/Ac6/SystemWorkbench/plugins/fr.ac6.mcu.externaltools.arm-none.linux64_1.15.0.201708311556/tools/compiler/bin/../lib/gcc/arm-none-eabi/6.3.1/../../../../arm-none-eabi/lib/thumb/v7-m/libc.a(lib_a-memchr-stub.o)
 .ARM.attributes
                0x0000000000000586       0x1b /home/mdk/Ac6/SystemWorkbench/plugins/fr.ac6.mcu.externaltools.arm-none.linux64_1.15.0.201708311556/tools/compiler/bin/../lib/gcc/arm-none-eabi/6.3.1/../../../../arm-none-eabi/lib/thumb/v7-m/libc.a(lib_a-memcpy.o)
 .ARM.attributes
                0x00000000000005a1       0x2d /home/mdk/Ac6/SystemWorkbench/plugins/fr.ac6.mcu.externaltools.arm-none.linux64_1.15.0.201708311556/tools/compiler/bin/../lib/gcc/arm-none-eabi/6.3.1/../../../../arm-none-eabi/lib/thumb/v7-m/libc.a(lib_a-mlock.o)
 .ARM.attributes
                0x00000000000005ce       0x2d /home/mdk/Ac6/SystemWorkbench/plugins/fr.ac6.mcu.externaltools.arm-none.linux64_1.15.0.201708311556/tools/compiler/bin/../lib/gcc/arm-none-eabi/6.3.1/../../../../arm-none-eabi/lib/thumb/v7-m/libc.a(lib_a-mprec.o)
 .ARM.attributes
                0x00000000000005fb       0x2d /home/mdk/Ac6/SystemWorkbench/plugins/fr.ac6.mcu.externaltools.arm-none.linux64_1.15.0.201708311556/tools/compiler/bin/../lib/gcc/arm-none-eabi/6.3.1/../../../../arm-none-eabi/lib/thumb/v7-m/libc.a(lib_a-sbrkr.o)
 .ARM.attributes
                0x0000000000000628       0x2d /home/mdk/Ac6/SystemWorkbench/plugins/fr.ac6.mcu.externaltools.arm-none.linux64_1.15.0.201708311556/tools/compiler/bin/../lib/gcc/arm-none-eabi/6.3.1/../../../../arm-none-eabi/lib/thumb/v7-m/libc.a(lib_a-svfiprintf.o)
 .ARM.attributes
                0x0000000000000655       0x2d /home/mdk/Ac6/SystemWorkbench/plugins/fr.ac6.mcu.externaltools.arm-none.linux64_1.15.0.201708311556/tools/compiler/bin/../lib/gcc/arm-none-eabi/6.3.1/../../../../arm-none-eabi/lib/thumb/v7-m/libc.a(lib_a-__atexit.o)
 .ARM.attributes
                0x0000000000000682       0x2d /home/mdk/Ac6/SystemWorkbench/plugins/fr.ac6.mcu.externaltools.arm-none.linux64_1.15.0.201708311556/tools/compiler/bin/../lib/gcc/arm-none-eabi/6.3.1/../../../../arm-none-eabi/lib/thumb/v7-m/libc.a(lib_a-callocr.o)
 .ARM.attributes
                0x00000000000006af       0x2d /home/mdk/Ac6/SystemWorkbench/plugins/fr.ac6.mcu.externaltools.arm-none.linux64_1.15.0.201708311556/tools/compiler/bin/../lib/gcc/arm-none-eabi/6.3.1/../../../../arm-none-eabi/lib/thumb/v7-m/libc.a(lib_a-freer.o)
 .ARM.attributes
                0x00000000000006dc       0x2d /home/mdk/Ac6/SystemWorkbench/plugins/fr.ac6.mcu.externaltools.arm-none.linux64_1.15.0.201708311556/tools/compiler/bin/../lib/gcc/arm-none-eabi/6.3.1/../../../../arm-none-eabi/lib/thumb/v7-m/libc.a(lib_a-locale.o)
 .ARM.attributes
                0x0000000000000709       0x2d /home/mdk/Ac6/SystemWorkbench/plugins/fr.ac6.mcu.externaltools.arm-none.linux64_1.15.0.201708311556/tools/compiler/bin/../lib/gcc/arm-none-eabi/6.3.1/../../../../arm-none-eabi/lib/thumb/v7-m/libc.a(lib_a-mbtowc_r.o)
 .ARM.attributes
                0x0000000000000736       0x2d /home/mdk/Ac6/SystemWorkbench/plugins/fr.ac6.mcu.externaltools.arm-none.linux64_1.15.0.201708311556/tools/compiler/bin/../lib/gcc/arm-none-eabi/6.3.1/../../../../arm-none-eabi/lib/thumb/v7-m/libc.a(lib_a-memmove.o)
 .ARM.attributes
                0x0000000000000763       0x2d /home/mdk/Ac6/SystemWorkbench/plugins/fr.ac6.mcu.externaltools.arm-none.linux64_1.15.0.201708311556/tools/compiler/bin/../lib/gcc/arm-none-eabi/6.3.1/../../../../arm-none-eabi/lib/thumb/v7-m/libc.a(lib_a-reallocr.o)
 .ARM.attributes
                0x0000000000000790       0x2d /home/mdk/Ac6/SystemWorkbench/plugins/fr.ac6.mcu.externaltools.arm-none.linux64_1.15.0.201708311556/tools/compiler/bin/../lib/gcc/arm-none-eabi/6.3.1/../../../../arm-none-eabi/lib/thumb/v7-m/libc.a(lib_a-reent.o)
 .ARM.attributes
                0x00000000000007bd       0x2d /home/mdk/Ac6/SystemWorkbench/plugins/fr.ac6.mcu.externaltools.arm-none.linux64_1.15.0.201708311556/tools/compiler/bin/../lib/gcc/arm-none-eabi/6.3.1/../../../../arm-none-eabi/lib/thumb/v7-m/libc.a(lib_a-wctomb_r.o)
 .ARM.attributes
                0x00000000000007ea       0x2d /home/mdk/Ac6/SystemWorkbench/plugins/fr.ac6.mcu.externaltools.arm-none.linux64_1.15.0.201708311556/tools/compiler/bin/../lib/gcc/arm-none-eabi/6.3.1/../../../../arm-none-eabi/lib/thumb/v7-m/libc.a(lib_a-ctype_.o)
 .ARM.attributes
                0x0000000000000817       0x1d /home/mdk/Ac6/SystemWorkbench/plugins/fr.ac6.mcu.externaltools.arm-none.linux64_1.15.0.201708311556/tools/compiler/bin/../lib/gcc/arm-none-eabi/6.3.1/thumb/v7-m/libgcc.a(_arm_unorddf2.o)
 .ARM.attributes
                0x0000000000000834       0x1d /home/mdk/Ac6/SystemWorkbench/plugins/fr.ac6.mcu.externaltools.arm-none.linux64_1.15.0.201708311556/tools/compiler/bin/../lib/gcc/arm-none-eabi/6.3.1/thumb/v7-m/libgcc.a(_aeabi_uldivmod.o)
 .ARM.attributes
                0x0000000000000851       0x2d /home/mdk/Ac6/SystemWorkbench/plugins/fr.ac6.mcu.externaltools.arm-none.linux64_1.15.0.201708311556/tools/compiler/bin/../lib/gcc/arm-none-eabi/6.3.1/thumb/v7-m/libgcc.a(_udivmoddi4.o)
 .ARM.attributes
                0x000000000000087e       0x1d /home/mdk/Ac6/SystemWorkbench/plugins/fr.ac6.mcu.externaltools.arm-none.linux64_1.15.0.201708311556/tools/compiler/bin/../lib/gcc/arm-none-eabi/6.3.1/thumb/v7-m/libgcc.a(_dvmd_tls.o)
 .ARM.attributes
                0x000000000000089b       0x1d /home/mdk/Ac6/SystemWorkbench/plugins/fr.ac6.mcu.externaltools.arm-none.linux64_1.15.0.201708311556/tools/compiler/bin/../lib/gcc/arm-none-eabi/6.3.1/thumb/v7-m/crtn.o
OUTPUT(p1.elf elf32-littlearm)

.debug_info     0x0000000000000000     0xcd9f
 .debug_info    0x0000000000000000      0xe49 HAL_Driver/Src/stm32f1xx_hal.o
 .debug_info    0x0000000000000e49     0x1317 HAL_Driver/Src/stm32f1xx_hal_cortex.o
 .debug_info    0x0000000000002160      0xe7a HAL_Driver/Src/stm32f1xx_hal_gpio.o
 .debug_info    0x0000000000002fda      0x987 HAL_Driver/Src/stm32f1xx_hal_msp_template.o
 .debug_info    0x0000000000003961      0xfe0 HAL_Driver/Src/stm32f1xx_hal_rcc.o
 .debug_info    0x0000000000004941     0x29e0 HAL_Driver/Src/stm32f1xx_hal_tim.o
 .debug_info    0x0000000000007321     0x19ab HAL_Driver/Src/stm32f1xx_hal_uart.o
 .debug_info    0x0000000000008ccc     0x1be1 src/main.o
 .debug_info    0x000000000000a8ad      0x954 src/stm32f1xx_it.o
 .debug_info    0x000000000000b201      0xf2a src/syscalls.o
 .debug_info    0x000000000000c12b      0xc18 src/system_stm32f1xx.o
 .debug_info    0x000000000000cd43       0x5c startup/startup_stm32.o

.debug_abbrev   0x0000000000000000     0x1d93
 .debug_abbrev  0x0000000000000000      0x2ca HAL_Driver/Src/stm32f1xx_hal.o
 .debug_abbrev  0x00000000000002ca      0x394 HAL_Driver/Src/stm32f1xx_hal_cortex.o
 .debug_abbrev  0x000000000000065e      0x287 HAL_Driver/Src/stm32f1xx_hal_gpio.o
 .debug_abbrev  0x00000000000008e5      0x1b1 HAL_Driver/Src/stm32f1xx_hal_msp_template.o
 .debug_abbrev  0x0000000000000a96      0x30e HAL_Driver/Src/stm32f1xx_hal_rcc.o
 .debug_abbrev  0x0000000000000da4      0x2e6 HAL_Driver/Src/stm32f1xx_hal_tim.o
 .debug_abbrev  0x000000000000108a      0x2e9 HAL_Driver/Src/stm32f1xx_hal_uart.o
 .debug_abbrev  0x0000000000001373      0x38d src/main.o
 .debug_abbrev  0x0000000000001700      0x1b1 src/stm32f1xx_it.o
 .debug_abbrev  0x00000000000018b1      0x2aa src/syscalls.o
 .debug_abbrev  0x0000000000001b5b      0x226 src/system_stm32f1xx.o
 .debug_abbrev  0x0000000000001d81       0x12 startup/startup_stm32.o

.debug_aranges  0x0000000000000000      0x978
 .debug_aranges
                0x0000000000000000       0xb8 HAL_Driver/Src/stm32f1xx_hal.o
 .debug_aranges
                0x00000000000000b8      0x100 HAL_Driver/Src/stm32f1xx_hal_cortex.o
 .debug_aranges
                0x00000000000001b8       0x58 HAL_Driver/Src/stm32f1xx_hal_gpio.o
 .debug_aranges
                0x0000000000000210       0x38 HAL_Driver/Src/stm32f1xx_hal_msp_template.o
 .debug_aranges
                0x0000000000000248       0x90 HAL_Driver/Src/stm32f1xx_hal_rcc.o
 .debug_aranges
                0x00000000000002d8      0x368 HAL_Driver/Src/stm32f1xx_hal_tim.o
 .debug_aranges
                0x0000000000000640      0x1d0 HAL_Driver/Src/stm32f1xx_hal_uart.o
 .debug_aranges
                0x0000000000000810       0x48 src/main.o
 .debug_aranges
                0x0000000000000858       0x20 src/stm32f1xx_it.o
 .debug_aranges
                0x0000000000000878       0xb0 src/syscalls.o
 .debug_aranges
                0x0000000000000928       0x28 src/system_stm32f1xx.o
 .debug_aranges
                0x0000000000000950       0x28 startup/startup_stm32.o

.debug_ranges   0x0000000000000000      0x8c0
 .debug_ranges  0x0000000000000000       0xa8 HAL_Driver/Src/stm32f1xx_hal.o
 .debug_ranges  0x00000000000000a8       0xf0 HAL_Driver/Src/stm32f1xx_hal_cortex.o
 .debug_ranges  0x0000000000000198       0x48 HAL_Driver/Src/stm32f1xx_hal_gpio.o
 .debug_ranges  0x00000000000001e0       0x28 HAL_Driver/Src/stm32f1xx_hal_msp_template.o
 .debug_ranges  0x0000000000000208       0x80 HAL_Driver/Src/stm32f1xx_hal_rcc.o
 .debug_ranges  0x0000000000000288      0x358 HAL_Driver/Src/stm32f1xx_hal_tim.o
 .debug_ranges  0x00000000000005e0      0x1c0 HAL_Driver/Src/stm32f1xx_hal_uart.o
 .debug_ranges  0x00000000000007a0       0x38 src/main.o
 .debug_ranges  0x00000000000007d8       0x10 src/stm32f1xx_it.o
 .debug_ranges  0x00000000000007e8       0xa0 src/syscalls.o
 .debug_ranges  0x0000000000000888       0x18 src/system_stm32f1xx.o
 .debug_ranges  0x00000000000008a0       0x20 startup/startup_stm32.o

.debug_macro    0x0000000000000000    0x1a3fa
 .debug_macro   0x0000000000000000      0x428 HAL_Driver/Src/stm32f1xx_hal.o
 .debug_macro   0x0000000000000428      0x8c8 HAL_Driver/Src/stm32f1xx_hal.o
 .debug_macro   0x0000000000000cf0      0x224 HAL_Driver/Src/stm32f1xx_hal.o
 .debug_macro   0x0000000000000f14       0x28 HAL_Driver/Src/stm32f1xx_hal.o
 .debug_macro   0x0000000000000f3c       0x22 HAL_Driver/Src/stm32f1xx_hal.o
 .debug_macro   0x0000000000000f5e       0x22 HAL_Driver/Src/stm32f1xx_hal.o
 .debug_macro   0x0000000000000f80       0x87 HAL_Driver/Src/stm32f1xx_hal.o
 .debug_macro   0x0000000000001007       0x51 HAL_Driver/Src/stm32f1xx_hal.o
 .debug_macro   0x0000000000001058       0xef HAL_Driver/Src/stm32f1xx_hal.o
 .debug_macro   0x0000000000001147       0x6a HAL_Driver/Src/stm32f1xx_hal.o
 .debug_macro   0x00000000000011b1      0x1df HAL_Driver/Src/stm32f1xx_hal.o
 .debug_macro   0x0000000000001390       0x34 HAL_Driver/Src/stm32f1xx_hal.o
 .debug_macro   0x00000000000013c4       0x34 HAL_Driver/Src/stm32f1xx_hal.o
 .debug_macro   0x00000000000013f8      0xb8e HAL_Driver/Src/stm32f1xx_hal.o
 .debug_macro   0x0000000000001f86     0xe90a HAL_Driver/Src/stm32f1xx_hal.o
 .debug_macro   0x0000000000010890       0x43 HAL_Driver/Src/stm32f1xx_hal.o
 .debug_macro   0x00000000000108d3       0x58 HAL_Driver/Src/stm32f1xx_hal.o
 .debug_macro   0x000000000001092b       0x35 HAL_Driver/Src/stm32f1xx_hal.o
 .debug_macro   0x0000000000010960       0x9c HAL_Driver/Src/stm32f1xx_hal.o
 .debug_macro   0x00000000000109fc       0x16 HAL_Driver/Src/stm32f1xx_hal.o
 .debug_macro   0x0000000000010a12       0x97 HAL_Driver/Src/stm32f1xx_hal.o
 .debug_macro   0x0000000000010aa9      0x330 HAL_Driver/Src/stm32f1xx_hal.o
 .debug_macro   0x0000000000010dd9       0xfd HAL_Driver/Src/stm32f1xx_hal.o
 .debug_macro   0x0000000000010ed6       0x10 HAL_Driver/Src/stm32f1xx_hal.o
 .debug_macro   0x0000000000010ee6       0x58 HAL_Driver/Src/stm32f1xx_hal.o
 .debug_macro   0x0000000000010f3e       0x1f HAL_Driver/Src/stm32f1xx_hal.o
 .debug_macro   0x0000000000010f5d       0x43 HAL_Driver/Src/stm32f1xx_hal.o
 .debug_macro   0x0000000000010fa0       0x20 HAL_Driver/Src/stm32f1xx_hal.o
 .debug_macro   0x0000000000010fc0      0x187 HAL_Driver/Src/stm32f1xx_hal.o
 .debug_macro   0x0000000000011147       0x10 HAL_Driver/Src/stm32f1xx_hal.o
 .debug_macro   0x0000000000011157       0x1c HAL_Driver/Src/stm32f1xx_hal.o
 .debug_macro   0x0000000000011173       0x52 HAL_Driver/Src/stm32f1xx_hal.o
 .debug_macro   0x00000000000111c5       0x40 HAL_Driver/Src/stm32f1xx_hal.o
 .debug_macro   0x0000000000011205       0x10 HAL_Driver/Src/stm32f1xx_hal.o
 .debug_macro   0x0000000000011215       0x40 HAL_Driver/Src/stm32f1xx_hal.o
 .debug_macro   0x0000000000011255       0xd7 HAL_Driver/Src/stm32f1xx_hal.o
 .debug_macro   0x000000000001132c       0x16 HAL_Driver/Src/stm32f1xx_hal.o
 .debug_macro   0x0000000000011342      0x18b HAL_Driver/Src/stm32f1xx_hal.o
 .debug_macro   0x00000000000114cd       0x57 HAL_Driver/Src/stm32f1xx_hal.o
 .debug_macro   0x0000000000011524      0x5c2 HAL_Driver/Src/stm32f1xx_hal.o
 .debug_macro   0x0000000000011ae6      0x28b HAL_Driver/Src/stm32f1xx_hal.o
 .debug_macro   0x0000000000011d71      0x1cb HAL_Driver/Src/stm32f1xx_hal.o
 .debug_macro   0x0000000000011f3c      0x11e HAL_Driver/Src/stm32f1xx_hal.o
 .debug_macro   0x000000000001205a      0x197 HAL_Driver/Src/stm32f1xx_hal.o
 .debug_macro   0x00000000000121f1       0x27 HAL_Driver/Src/stm32f1xx_hal.o
 .debug_macro   0x0000000000012218      0x1bc HAL_Driver/Src/stm32f1xx_hal.o
 .debug_macro   0x00000000000123d4       0x34 HAL_Driver/Src/stm32f1xx_hal.o
 .debug_macro   0x0000000000012408       0x3c HAL_Driver/Src/stm32f1xx_hal.o
 .debug_macro   0x0000000000012444      0x3a6 HAL_Driver/Src/stm32f1xx_hal.o
 .debug_macro   0x00000000000127ea       0x10 HAL_Driver/Src/stm32f1xx_hal.o
 .debug_macro   0x00000000000127fa       0x74 HAL_Driver/Src/stm32f1xx_hal.o
 .debug_macro   0x000000000001286e       0x57 HAL_Driver/Src/stm32f1xx_hal.o
 .debug_macro   0x00000000000128c5      0x46a HAL_Driver/Src/stm32f1xx_hal.o
 .debug_macro   0x0000000000012d2f      0x1b5 HAL_Driver/Src/stm32f1xx_hal.o
 .debug_macro   0x0000000000012ee4       0x22 HAL_Driver/Src/stm32f1xx_hal.o
 .debug_macro   0x0000000000012f06       0x8c HAL_Driver/Src/stm32f1xx_hal.o
 .debug_macro   0x0000000000012f92      0x242 HAL_Driver/Src/stm32f1xx_hal.o
 .debug_macro   0x00000000000131d4      0x248 HAL_Driver/Src/stm32f1xx_hal.o
 .debug_macro   0x000000000001341c       0x79 HAL_Driver/Src/stm32f1xx_hal.o
 .debug_macro   0x0000000000013495      0x143 HAL_Driver/Src/stm32f1xx_hal.o
 .debug_macro   0x00000000000135d8      0x1ef HAL_Driver/Src/stm32f1xx_hal.o
 .debug_macro   0x00000000000137c7       0xf2 HAL_Driver/Src/stm32f1xx_hal.o
 .debug_macro   0x00000000000138b9      0x1f4 HAL_Driver/Src/stm32f1xx_hal.o
 .debug_macro   0x0000000000013aad      0x84c HAL_Driver/Src/stm32f1xx_hal.o
 .debug_macro   0x00000000000142f9       0x1f HAL_Driver/Src/stm32f1xx_hal.o
 .debug_macro   0x0000000000014318      0x26b HAL_Driver/Src/stm32f1xx_hal.o
 .debug_macro   0x0000000000014583      0x217 HAL_Driver/Src/stm32f1xx_hal.o
 .debug_macro   0x000000000001479a      0x1a7 HAL_Driver/Src/stm32f1xx_hal.o
 .debug_macro   0x0000000000014941      0x2cd HAL_Driver/Src/stm32f1xx_hal.o
 .debug_macro   0x0000000000014c0e       0x89 HAL_Driver/Src/stm32f1xx_hal.o
 .debug_macro   0x0000000000014c97       0x50 HAL_Driver/Src/stm32f1xx_hal.o
 .debug_macro   0x0000000000014ce7      0x26c HAL_Driver/Src/stm32f1xx_hal.o
 .debug_macro   0x0000000000014f53       0x7c HAL_Driver/Src/stm32f1xx_hal.o
 .debug_macro   0x0000000000014fcf      0x404 HAL_Driver/Src/stm32f1xx_hal_cortex.o
 .debug_macro   0x00000000000153d3      0x474 HAL_Driver/Src/stm32f1xx_hal_gpio.o
 .debug_macro   0x0000000000015847      0x404 HAL_Driver/Src/stm32f1xx_hal_msp_template.o
 .debug_macro   0x0000000000015c4b      0x416 HAL_Driver/Src/stm32f1xx_hal_rcc.o
 .debug_macro   0x0000000000016061      0x405 HAL_Driver/Src/stm32f1xx_hal_tim.o
 .debug_macro   0x0000000000016466      0x405 HAL_Driver/Src/stm32f1xx_hal_uart.o
 .debug_macro   0x000000000001686b      0x45d src/main.o
 .debug_macro   0x0000000000016cc8      0x970 src/main.o
 .debug_macro   0x0000000000017638       0x1c src/main.o
 .debug_macro   0x0000000000017654       0x4f src/main.o
 .debug_macro   0x00000000000176a3      0xb8e src/main.o
 .debug_macro   0x0000000000018231       0x9c src/main.o
 .debug_macro   0x00000000000182cd       0x97 src/main.o
 .debug_macro   0x0000000000018364      0x353 src/main.o
 .debug_macro   0x00000000000186b7      0x104 src/main.o
 .debug_macro   0x00000000000187bb       0x43 src/main.o
 .debug_macro   0x00000000000187fe       0xb6 src/main.o
 .debug_macro   0x00000000000188b4      0x145 src/main.o
 .debug_macro   0x00000000000189f9       0x16 src/main.o
 .debug_macro   0x0000000000018a0f       0x35 src/main.o
 .debug_macro   0x0000000000018a44      0x143 src/main.o
 .debug_macro   0x0000000000018b87       0x10 src/main.o
 .debug_macro   0x0000000000018b97      0x3ca src/main.o
 .debug_macro   0x0000000000018f61       0x10 src/main.o
 .debug_macro   0x0000000000018f71       0x16 src/main.o
 .debug_macro   0x0000000000018f87       0x22 src/main.o
 .debug_macro   0x0000000000018fa9       0xea src/main.o
 .debug_macro   0x0000000000019093      0x40e src/stm32f1xx_it.o
 .debug_macro   0x00000000000194a1      0x236 src/syscalls.o
 .debug_macro   0x00000000000196d7       0x52 src/syscalls.o
 .debug_macro   0x0000000000019729       0x8d src/syscalls.o
 .debug_macro   0x00000000000197b6       0x57 src/syscalls.o
 .debug_macro   0x000000000001980d      0x174 src/syscalls.o
 .debug_macro   0x0000000000019981       0x10 src/syscalls.o
 .debug_macro   0x0000000000019991       0x35 src/syscalls.o
 .debug_macro   0x00000000000199c6       0x10 src/syscalls.o
 .debug_macro   0x00000000000199d6       0x10 src/syscalls.o
 .debug_macro   0x00000000000199e6       0x35 src/syscalls.o
 .debug_macro   0x0000000000019a1b      0x122 src/syscalls.o
 .debug_macro   0x0000000000019b3d       0x16 src/syscalls.o
 .debug_macro   0x0000000000019b53       0x29 src/syscalls.o
 .debug_macro   0x0000000000019b7c       0x10 src/syscalls.o
 .debug_macro   0x0000000000019b8c      0x241 src/syscalls.o
 .debug_macro   0x0000000000019dcd       0x1c src/syscalls.o
 .debug_macro   0x0000000000019de9       0x10 src/syscalls.o
 .debug_macro   0x0000000000019df9      0x159 src/syscalls.o
 .debug_macro   0x0000000000019f52       0x16 src/syscalls.o
 .debug_macro   0x0000000000019f68       0x88 src/syscalls.o
 .debug_macro   0x0000000000019ff0      0x40a src/system_stm32f1xx.o

.debug_line     0x0000000000000000     0x8527
 .debug_line    0x0000000000000000      0xa8a HAL_Driver/Src/stm32f1xx_hal.o
 .debug_line    0x0000000000000a8a      0xbb8 HAL_Driver/Src/stm32f1xx_hal_cortex.o
 .debug_line    0x0000000000001642      0xb01 HAL_Driver/Src/stm32f1xx_hal_gpio.o
 .debug_line    0x0000000000002143      0x95b HAL_Driver/Src/stm32f1xx_hal_msp_template.o
 .debug_line    0x0000000000002a9e      0xb8b HAL_Driver/Src/stm32f1xx_hal_rcc.o
 .debug_line    0x0000000000003629     0x1893 HAL_Driver/Src/stm32f1xx_hal_tim.o
 .debug_line    0x0000000000004ebc     0x11da HAL_Driver/Src/stm32f1xx_hal_uart.o
 .debug_line    0x0000000000006096      0xb96 src/main.o
 .debug_line    0x0000000000006c2c      0x93d src/stm32f1xx_it.o
 .debug_line    0x0000000000007569      0x5f8 src/syscalls.o
 .debug_line    0x0000000000007b61      0x951 src/system_stm32f1xx.o
 .debug_line    0x00000000000084b2       0x75 startup/startup_stm32.o

.debug_str      0x0000000000000000    0x85ca1
 .debug_str     0x0000000000000000    0x809f1 HAL_Driver/Src/stm32f1xx_hal.o
                                      0x80dcd (size before relaxing)
 .debug_str     0x00000000000809f1      0x30a HAL_Driver/Src/stm32f1xx_hal_cortex.o
                                      0x80e1d (size before relaxing)
 .debug_str     0x0000000000080cfb      0x365 HAL_Driver/Src/stm32f1xx_hal_gpio.o
                                      0x80b64 (size before relaxing)
 .debug_str     0x0000000000081060       0x51 HAL_Driver/Src/stm32f1xx_hal_msp_template.o
                                      0x80780 (size before relaxing)
 .debug_str     0x00000000000810b1      0x34b HAL_Driver/Src/stm32f1xx_hal_rcc.o
                                      0x80b92 (size before relaxing)
 .debug_str     0x00000000000813fc      0xfd3 HAL_Driver/Src/stm32f1xx_hal_tim.o
                                      0x81864 (size before relaxing)
 .debug_str     0x00000000000823cf      0x67c HAL_Driver/Src/stm32f1xx_hal_uart.o
                                      0x8106c (size before relaxing)
 .debug_str     0x0000000000082a4b     0x20c7 src/main.o
                                      0x82462 (size before relaxing)
 .debug_str     0x0000000000084b12       0x26 src/stm32f1xx_it.o
                                      0x8074d (size before relaxing)
 .debug_str     0x0000000000084b38     0x1100 src/syscalls.o
                                       0x7d0d (size before relaxing)
 .debug_str     0x0000000000085c38       0x69 src/system_stm32f1xx.o
                                      0x80821 (size before relaxing)

.comment        0x0000000000000000       0x7f
 .comment       0x0000000000000000       0x7f HAL_Driver/Src/stm32f1xx_hal.o
                                         0x80 (size before relaxing)
 .comment       0x000000000000007f       0x80 HAL_Driver/Src/stm32f1xx_hal_cortex.o
 .comment       0x000000000000007f       0x80 HAL_Driver/Src/stm32f1xx_hal_gpio.o
 .comment       0x000000000000007f       0x80 HAL_Driver/Src/stm32f1xx_hal_msp_template.o
 .comment       0x000000000000007f       0x80 HAL_Driver/Src/stm32f1xx_hal_rcc.o
 .comment       0x000000000000007f       0x80 HAL_Driver/Src/stm32f1xx_hal_tim.o
 .comment       0x000000000000007f       0x80 HAL_Driver/Src/stm32f1xx_hal_uart.o
 .comment       0x000000000000007f       0x80 src/main.o
 .comment       0x000000000000007f       0x80 src/stm32f1xx_it.o
 .comment       0x000000000000007f       0x80 src/syscalls.o
 .comment       0x000000000000007f       0x80 src/system_stm32f1xx.o

.debug_frame    0x0000000000000000     0x3314
 .debug_frame   0x0000000000000000      0x298 HAL_Driver/Src/stm32f1xx_hal.o
 .debug_frame   0x0000000000000298      0x428 HAL_Driver/Src/stm32f1xx_hal_cortex.o
 .debug_frame   0x00000000000006c0      0x14c HAL_Driver/Src/stm32f1xx_hal_gpio.o
 .debug_frame   0x000000000000080c       0x90 HAL_Driver/Src/stm32f1xx_hal_msp_template.o
 .debug_frame   0x000000000000089c      0x218 HAL_Driver/Src/stm32f1xx_hal_rcc.o
 .debug_frame   0x0000000000000ab4      0xfb4 HAL_Driver/Src/stm32f1xx_hal_tim.o
 .debug_frame   0x0000000000001a68      0x83c HAL_Driver/Src/stm32f1xx_hal_uart.o
 .debug_frame   0x00000000000022a4       0xe8 src/main.o
 .debug_frame   0x000000000000238c       0x2c src/stm32f1xx_it.o
 .debug_frame   0x00000000000023b8      0x2d4 src/syscalls.o
 .debug_frame   0x000000000000268c       0x58 src/system_stm32f1xx.o
 .debug_frame   0x00000000000026e4       0xac /home/mdk/Ac6/SystemWorkbench/plugins/fr.ac6.mcu.externaltools.arm-none.linux64_1.15.0.201708311556/tools/compiler/bin/../lib/gcc/arm-none-eabi/6.3.1/thumb/v7-m/libgcc.a(_arm_addsubdf3.o)
 .debug_frame   0x0000000000002790       0x50 /home/mdk/Ac6/SystemWorkbench/plugins/fr.ac6.mcu.externaltools.arm-none.linux64_1.15.0.201708311556/tools/compiler/bin/../lib/gcc/arm-none-eabi/6.3.1/thumb/v7-m/libgcc.a(_arm_muldivdf3.o)
 .debug_frame   0x00000000000027e0       0xc4 /home/mdk/Ac6/SystemWorkbench/plugins/fr.ac6.mcu.externaltools.arm-none.linux64_1.15.0.201708311556/tools/compiler/bin/../lib/gcc/arm-none-eabi/6.3.1/thumb/v7-m/libgcc.a(_arm_cmpdf2.o)
 .debug_frame   0x00000000000028a4       0x24 /home/mdk/Ac6/SystemWorkbench/plugins/fr.ac6.mcu.externaltools.arm-none.linux64_1.15.0.201708311556/tools/compiler/bin/../lib/gcc/arm-none-eabi/6.3.1/thumb/v7-m/libgcc.a(_arm_fixdfsi.o)
 .debug_frame   0x00000000000028c8       0x20 /home/mdk/Ac6/SystemWorkbench/plugins/fr.ac6.mcu.externaltools.arm-none.linux64_1.15.0.201708311556/tools/compiler/bin/../lib/gcc/arm-none-eabi/6.3.1/../../../../arm-none-eabi/lib/thumb/v7-m/libc.a(lib_a-errno.o)
 .debug_frame   0x00000000000028e8       0x34 /home/mdk/Ac6/SystemWorkbench/plugins/fr.ac6.mcu.externaltools.arm-none.linux64_1.15.0.201708311556/tools/compiler/bin/../lib/gcc/arm-none-eabi/6.3.1/../../../../arm-none-eabi/lib/thumb/v7-m/libc.a(lib_a-memset.o)
 .debug_frame   0x000000000000291c       0x84 /home/mdk/Ac6/SystemWorkbench/plugins/fr.ac6.mcu.externaltools.arm-none.linux64_1.15.0.201708311556/tools/compiler/bin/../lib/gcc/arm-none-eabi/6.3.1/../../../../arm-none-eabi/lib/thumb/v7-m/libc.a(lib_a-sprintf.o)
 .debug_frame   0x00000000000029a0       0x20 /home/mdk/Ac6/SystemWorkbench/plugins/fr.ac6.mcu.externaltools.arm-none.linux64_1.15.0.201708311556/tools/compiler/bin/../lib/gcc/arm-none-eabi/6.3.1/../../../../arm-none-eabi/lib/thumb/v7-m/libc.a(lib_a-strlen-stub.o)
 .debug_frame   0x00000000000029c0       0x40 /home/mdk/Ac6/SystemWorkbench/plugins/fr.ac6.mcu.externaltools.arm-none.linux64_1.15.0.201708311556/tools/compiler/bin/../lib/gcc/arm-none-eabi/6.3.1/../../../../arm-none-eabi/lib/thumb/v7-m/libc.a(lib_a-svfprintf.o)
 .debug_frame   0x0000000000002a00       0x5c /home/mdk/Ac6/SystemWorkbench/plugins/fr.ac6.mcu.externaltools.arm-none.linux64_1.15.0.201708311556/tools/compiler/bin/../lib/gcc/arm-none-eabi/6.3.1/../../../../arm-none-eabi/lib/thumb/v7-m/libc.a(lib_a-__call_atexit.o)
 .debug_frame   0x0000000000002a5c       0x20 /home/mdk/Ac6/SystemWorkbench/plugins/fr.ac6.mcu.externaltools.arm-none.linux64_1.15.0.201708311556/tools/compiler/bin/../lib/gcc/arm-none-eabi/6.3.1/../../../../arm-none-eabi/lib/thumb/v7-m/libc.a(lib_a-atexit.o)
 .debug_frame   0x0000000000002a7c       0x84 /home/mdk/Ac6/SystemWorkbench/plugins/fr.ac6.mcu.externaltools.arm-none.linux64_1.15.0.201708311556/tools/compiler/bin/../lib/gcc/arm-none-eabi/6.3.1/../../../../arm-none-eabi/lib/thumb/v7-m/libc.a(lib_a-dtoa.o)
 .debug_frame   0x0000000000002b00       0x34 /home/mdk/Ac6/SystemWorkbench/plugins/fr.ac6.mcu.externaltools.arm-none.linux64_1.15.0.201708311556/tools/compiler/bin/../lib/gcc/arm-none-eabi/6.3.1/../../../../arm-none-eabi/lib/thumb/v7-m/libc.a(lib_a-fini.o)
 .debug_frame   0x0000000000002b34       0x40 /home/mdk/Ac6/SystemWorkbench/plugins/fr.ac6.mcu.externaltools.arm-none.linux64_1.15.0.201708311556/tools/compiler/bin/../lib/gcc/arm-none-eabi/6.3.1/../../../../arm-none-eabi/lib/thumb/v7-m/libc.a(lib_a-localeconv.o)
 .debug_frame   0x0000000000002b74       0xb0 /home/mdk/Ac6/SystemWorkbench/plugins/fr.ac6.mcu.externaltools.arm-none.linux64_1.15.0.201708311556/tools/compiler/bin/../lib/gcc/arm-none-eabi/6.3.1/../../../../arm-none-eabi/lib/thumb/v7-m/libc.a(lib_a-lock.o)
 .debug_frame   0x0000000000002c24       0x54 /home/mdk/Ac6/SystemWorkbench/plugins/fr.ac6.mcu.externaltools.arm-none.linux64_1.15.0.201708311556/tools/compiler/bin/../lib/gcc/arm-none-eabi/6.3.1/../../../../arm-none-eabi/lib/thumb/v7-m/libc.a(lib_a-mallocr.o)
 .debug_frame   0x0000000000002c78       0x34 /home/mdk/Ac6/SystemWorkbench/plugins/fr.ac6.mcu.externaltools.arm-none.linux64_1.15.0.201708311556/tools/compiler/bin/../lib/gcc/arm-none-eabi/6.3.1/../../../../arm-none-eabi/lib/thumb/v7-m/libc.a(lib_a-memchr-stub.o)
 .debug_frame   0x0000000000002cac       0x30 /home/mdk/Ac6/SystemWorkbench/plugins/fr.ac6.mcu.externaltools.arm-none.linux64_1.15.0.201708311556/tools/compiler/bin/../lib/gcc/arm-none-eabi/6.3.1/../../../../arm-none-eabi/lib/thumb/v7-m/libc.a(lib_a-mlock.o)
 .debug_frame   0x0000000000002cdc      0x260 /home/mdk/Ac6/SystemWorkbench/plugins/fr.ac6.mcu.externaltools.arm-none.linux64_1.15.0.201708311556/tools/compiler/bin/../lib/gcc/arm-none-eabi/6.3.1/../../../../arm-none-eabi/lib/thumb/v7-m/libc.a(lib_a-mprec.o)
 .debug_frame   0x0000000000002f3c       0x2c /home/mdk/Ac6/SystemWorkbench/plugins/fr.ac6.mcu.externaltools.arm-none.linux64_1.15.0.201708311556/tools/compiler/bin/../lib/gcc/arm-none-eabi/6.3.1/../../../../arm-none-eabi/lib/thumb/v7-m/libc.a(lib_a-sbrkr.o)
 .debug_frame   0x0000000000002f68       0x78 /home/mdk/Ac6/SystemWorkbench/plugins/fr.ac6.mcu.externaltools.arm-none.linux64_1.15.0.201708311556/tools/compiler/bin/../lib/gcc/arm-none-eabi/6.3.1/../../../../arm-none-eabi/lib/thumb/v7-m/libc.a(lib_a-svfiprintf.o)
 .debug_frame   0x0000000000002fe0       0x34 /home/mdk/Ac6/SystemWorkbench/plugins/fr.ac6.mcu.externaltools.arm-none.linux64_1.15.0.201708311556/tools/compiler/bin/../lib/gcc/arm-none-eabi/6.3.1/../../../../arm-none-eabi/lib/thumb/v7-m/libc.a(lib_a-__atexit.o)
 .debug_frame   0x0000000000003014       0x28 /home/mdk/Ac6/SystemWorkbench/plugins/fr.ac6.mcu.externaltools.arm-none.linux64_1.15.0.201708311556/tools/compiler/bin/../lib/gcc/arm-none-eabi/6.3.1/../../../../arm-none-eabi/lib/thumb/v7-m/libc.a(lib_a-callocr.o)
 .debug_frame   0x000000000000303c       0x74 /home/mdk/Ac6/SystemWorkbench/plugins/fr.ac6.mcu.externaltools.arm-none.linux64_1.15.0.201708311556/tools/compiler/bin/../lib/gcc/arm-none-eabi/6.3.1/../../../../arm-none-eabi/lib/thumb/v7-m/libc.a(lib_a-freer.o)
 .debug_frame   0x00000000000030b0       0x6c /home/mdk/Ac6/SystemWorkbench/plugins/fr.ac6.mcu.externaltools.arm-none.linux64_1.15.0.201708311556/tools/compiler/bin/../lib/gcc/arm-none-eabi/6.3.1/../../../../arm-none-eabi/lib/thumb/v7-m/libc.a(lib_a-locale.o)
 .debug_frame   0x000000000000311c       0x4c /home/mdk/Ac6/SystemWorkbench/plugins/fr.ac6.mcu.externaltools.arm-none.linux64_1.15.0.201708311556/tools/compiler/bin/../lib/gcc/arm-none-eabi/6.3.1/../../../../arm-none-eabi/lib/thumb/v7-m/libc.a(lib_a-mbtowc_r.o)
 .debug_frame   0x0000000000003168       0x30 /home/mdk/Ac6/SystemWorkbench/plugins/fr.ac6.mcu.externaltools.arm-none.linux64_1.15.0.201708311556/tools/compiler/bin/../lib/gcc/arm-none-eabi/6.3.1/../../../../arm-none-eabi/lib/thumb/v7-m/libc.a(lib_a-memmove.o)
 .debug_frame   0x0000000000003198       0x68 /home/mdk/Ac6/SystemWorkbench/plugins/fr.ac6.mcu.externaltools.arm-none.linux64_1.15.0.201708311556/tools/compiler/bin/../lib/gcc/arm-none-eabi/6.3.1/../../../../arm-none-eabi/lib/thumb/v7-m/libc.a(lib_a-reallocr.o)
 .debug_frame   0x0000000000003200       0x58 /home/mdk/Ac6/SystemWorkbench/plugins/fr.ac6.mcu.externaltools.arm-none.linux64_1.15.0.201708311556/tools/compiler/bin/../lib/gcc/arm-none-eabi/6.3.1/../../../../arm-none-eabi/lib/thumb/v7-m/libc.a(lib_a-reent.o)
 .debug_frame   0x0000000000003258       0x3c /home/mdk/Ac6/SystemWorkbench/plugins/fr.ac6.mcu.externaltools.arm-none.linux64_1.15.0.201708311556/tools/compiler/bin/../lib/gcc/arm-none-eabi/6.3.1/../../../../arm-none-eabi/lib/thumb/v7-m/libc.a(lib_a-wctomb_r.o)
 .debug_frame   0x0000000000003294       0x20 /home/mdk/Ac6/SystemWorkbench/plugins/fr.ac6.mcu.externaltools.arm-none.linux64_1.15.0.201708311556/tools/compiler/bin/../lib/gcc/arm-none-eabi/6.3.1/thumb/v7-m/libgcc.a(_arm_unorddf2.o)
 .debug_frame   0x00000000000032b4       0x2c /home/mdk/Ac6/SystemWorkbench/plugins/fr.ac6.mcu.externaltools.arm-none.linux64_1.15.0.201708311556/tools/compiler/bin/../lib/gcc/arm-none-eabi/6.3.1/thumb/v7-m/libgcc.a(_aeabi_uldivmod.o)
 .debug_frame   0x00000000000032e0       0x34 /home/mdk/Ac6/SystemWorkbench/plugins/fr.ac6.mcu.externaltools.arm-none.linux64_1.15.0.201708311556/tools/compiler/bin/../lib/gcc/arm-none-eabi/6.3.1/thumb/v7-m/libgcc.a(_udivmoddi4.o)
